******************************************************************************
                  TI ARM Linker PC v20.2.7                     
******************************************************************************
>> Linked Thu Dec 19 23:09:21 2024

OUTPUT FILE NAME:   <Line_Follower.out>
ENTRY POINT SYMBOL: "_c_int00_noargs"  address: 00004e81


MEMORY CONFIGURATION

         name            origin    length      used     unused   attr    fill
----------------------  --------  ---------  --------  --------  ----  --------
  MAIN                  00000000   00040000  00005346  0003acba  R  X
  INFO                  00200000   00004000  00000000  00004000  R  X
  SRAM_CODE             01000000   00010000  00000a6d  0000f593  RW X
  SRAM_DATA             20000000   00010000  00000a6d  0000f593  RW  


SEGMENT ALLOCATION MAP

run origin  load origin   length   init length attrs members
----------  ----------- ---------- ----------- ----- -------
00000000    00000000    00005348   00005348    r-x
  00000000    00000000    000000e4   000000e4    r-- .intvecs
  000000e4    000000e4    00005060   00005060    r-x .text
  00005144    00005144    00000152   00000152    r-- .const
  00005298    00005298    000000b0   000000b0    r-- .cinit
20000000    20000000    0000086d   00000000    rw-
  20000000    20000000    00000400   00000000    rw- .sysmem
  20000400    20000400    00000258   00000000    rw- .data
  20000658    20000658    00000215   00000000    rw- .bss
2000fe00    2000fe00    00000200   00000000    rw-
  2000fe00    2000fe00    00000200   00000000    rw- .stack


SECTION ALLOCATION MAP

 output                                  attributes/
section   page    origin      length       input sections
--------  ----  ----------  ----------   ----------------
.intvecs   0    00000000    000000e4     
                  00000000    000000e4     startup_msp432p401r_ccs.obj (.intvecs:retain)

.text      0    000000e4    00005060     
                  000000e4    00000a4e     rtsv7M4_T_le_v4SPD16_eabi.lib : _printfi.c.obj (.text:__TI_printfi)
                  00000b32    00000002                                   : _lock.c.obj (.text:_nop)
                  00000b34    000005e4     Line_Follower_main.obj (.text)
                  00001118    000004d8     OPT3101.obj (.text)
                  000015f0    00000474     EUSCI_A0_UART.obj (.text)
                  00001a64    0000032c     system_msp432p401r.obj (.text)
                  00001d90    00000324     GPIO.obj (.text)
                  000020b4    00000270     rtsv7M4_T_le_v4SPD16_eabi.lib : _printfi.c.obj (.text:_pconv_a)
                  00002324    00000228     EUSCI_B1_I2C.obj (.text)
                  0000254c    000001e8     Reflectance_Sensor.obj (.text)
                  00002734    000001e0     Clock.obj (.text)
                  00002914    000001d0     rtsv7M4_T_le_v4SPD16_eabi.lib : _printfi.c.obj (.text:_pconv_g)
                  00002ae4    000001b6                                   : fd_add_t2.asm.obj (.text)
                  00002c9a    00000002                                   : div0.asm.obj (.text)
                  00002c9c    00000190     Motor.obj (.text)
                  00002e2c    0000013c     Tachometer.obj (.text)
                  00002f68    0000013c     rtsv7M4_T_le_v4SPD16_eabi.lib : _printfi.c.obj (.text:_pconv_e)
                  000030a4    00000136                                   : fd_div_t2.asm.obj (.text)
                  000031da    00000002     --HOLE-- [fill = 0]
                  000031dc    00000124                                   : _printfi.c.obj (.text:fcvt)
                  00003300    00000114                                   : fputs.c.obj (.text:fputs)
                  00003414    00000110                                   : fopen.c.obj (.text:_openfile)
                  00003524    00000110                                   : s_scalbn.c.obj (.text:scalbn)
                  00003634    00000100                                   : memory.c.obj (.text:aligned_alloc)
                  00003734    000000fc                                   : fd_mul_t2.asm.obj (.text)
                  00003830    000000f8     Timer_A3_Capture.obj (.text)
                  00003928    000000e8     Bumper_Sensors.obj (.text)
                  00003a10    000000e8     Timer_A0_PWM.obj (.text)
                  00003af8    000000e4     rtsv7M4_T_le_v4SPD16_eabi.lib : memory.c.obj (.text:free)
                  00003bdc    000000dc                                   : setvbuf.c.obj (.text:setvbuf)
                  00003cb8    000000bc                                   : open.c.obj (.text:open)
                  00003d74    000000b8     Timer_A2_Capture.obj (.text)
                  00003e2c    000000b8     rtsv7M4_T_le_v4SPD16_eabi.lib : add_device.c.obj (.text:add_device)
                  00003ee4    000000b1                                   : _printfi.c.obj (.text:_ltostr)
                  00003f95    00000003     --HOLE-- [fill = 0]
                  00003f98    000000b0     Timer_A1_Interrupt.obj (.text)
                  00004048    0000009c     rtsv7M4_T_le_v4SPD16_eabi.lib : fopen.c.obj (.text:fopen)
                  000040e4    0000009c                                   : memcpy_t2.asm.obj (.text)
                  00004180    00000096                                   : ull_div_t2.asm.obj (.text)
                  00004216    00000002     --HOLE-- [fill = 0]
                  00004218    0000008c                                   : fputc.c.obj (.text:fputc)
                  000042a4    00000086                                   : fd_cmp_t2.asm.obj (.text:__aeabi_cdcmple)
                  0000432a    00000086                                   : fd_cmp_t2.asm.obj (.text:__aeabi_cdrcmple)
                  000043b0    0000007a                                   : memset_t2.asm.obj (.text)
                  0000442a    00000002     --HOLE-- [fill = 0]
                  0000442c    00000074                                   : fclose.c.obj (.text:__TI_closefile)
                  000044a0    00000070                                   : memory.c.obj (.text:split)
                  00004510    0000006e                                   : _printfi.c.obj (.text:_mcpy)
                  0000457e    00000002     --HOLE-- [fill = 0]
                  00004580    0000006c                                   : hostrename.c.obj (.text:HOSTrename)
                  000045ec    00000068                                   : hostlseek.c.obj (.text:HOSTlseek)
                  00004654    00000068                                   : copy_decompress_lzss.c.obj (.text:decompress:lzss:__TI_decompress_lzss)
                  000046bc    00000068                                   : printf.c.obj (.text:printf)
                  00004724    00000064                                   : s_frexp.c.obj (.text:frexp)
                  00004788    00000064                                   : fseek.c.obj (.text:fseek)
                  000047ec    00000062                                   : _io_perm.c.obj (.text:__TI_wrt_ok)
                  0000484e    00000002     --HOLE-- [fill = 0]
                  00004850    00000060                                   : hostopen.c.obj (.text:HOSTopen)
                  000048b0    0000005c                                   : close.c.obj (.text:close)
                  0000490c    00000058                                   : hostread.c.obj (.text:HOSTread)
                  00004964    00000058                                   : hostwrite.c.obj (.text:HOSTwrite)
                  000049bc    00000056                                   : _printfi.c.obj (.text:_pconv_f)
                  00004a12    00000054                                   : _ltoa.c.obj (.text:__TI_ltoa)
                  00004a66    00000052                                   : _printfi.c.obj (.text:_ecpy)
                  00004ab8    0000004c                                   : fflush.c.obj (.text:__TI_doflush)
                  00004b04    0000004c                                   : atoi.c.obj (.text:atoi)
                  00004b50    00000048                                   : exit.c.obj (.text:exit)
                  00004b98    00000048                                   : fd_toi_t2.asm.obj (.text)
                  00004be0    00000044                                   : hostclose.c.obj (.text:HOSTclose)
                  00004c24    00000044                                   : hostunlink.c.obj (.text:HOSTunlink)
                  00004c68    00000044                                   : autoinit.c.obj (.text:__TI_auto_init_nobinit_nopinit:__TI_auto_init_nobinit_nopinit)
                  00004cac    00000044                                   : getdevice.c.obj (.text:getdevice)
                  00004cf0    00000040     SysTick_Interrupt.obj (.text)
                  00004d30    0000003e     rtsv7M4_T_le_v4SPD16_eabi.lib : _printfi.c.obj (.text:_fcpy)
                  00004d6e    00000002     --HOLE-- [fill = 0]
                  00004d70    00000038                                   : trgmsg.c.obj (.text:__TI_writemsg)
                  00004da8    00000038                                   : fs_tod_t2.asm.obj (.text)
                  00004de0    00000036                                   : strncpy.c.obj (.text:strncpy)
                  00004e16    00000002     --HOLE-- [fill = 0]
                  00004e18    00000034                                   : fopen.c.obj (.text:__TI_cleanup)
                  00004e4c    00000034                                   : trgmsg.c.obj (.text:__TI_readmsg)
                  00004e80    00000034                                   : boot_cortex_m.c.obj (.text:_c_int00_noargs:_c_int00_noargs)
                  00004eb4    00000034                                   : fopen.c.obj (.text:freopen)
                  00004ee8    00000030                                   : getdevice.c.obj (.text:finddevice)
                  00004f18    0000002e                                   : i_tofd_t2.asm.obj (.text)
                  00004f46    00000002     --HOLE-- [fill = 0]
                  00004f48    0000002c                                   : unlink.c.obj (.text:unlink)
                  00004f74    00000028                                   : memory.c.obj (.text:free_list_insert)
                  00004f9c    00000028                                   : lseek.c.obj (.text:lseek)
                  00004fc4    00000028                                   : write.c.obj (.text:write)
                  00004fec    00000024     CortexM.obj (.text)
                  00005010    00000020     rtsv7M4_T_le_v4SPD16_eabi.lib : memchr.c.obj (.text:memchr)
                  00005030    0000001c                                   : copy_zero_init.c.obj (.text:decompress:ZI:__TI_zero_init_nomemset:__TI_zero_init_nomemset)
                  0000504c    0000001c                                   : memory.c.obj (.text:free_list_remove)
                  00005068    0000001c                                   : memccpy.c.obj (.text:memccpy)
                  00005084    0000001a                                   : s_copysign.c.obj (.text:copysign)
                  0000509e    00000018                                   : strcmp.c.obj (.text:strcmp)
                  000050b6    00000016                                   : strchr.c.obj (.text:strchr)
                  000050cc    00000014                                   : strcpy.c.obj (.text:strcpy)
                  000050e0    00000014                                   : strlen.c.obj (.text:strlen)
                  000050f4    00000012                                   : wcslen.c.obj (.text:wcslen)
                  00005106    0000000e                                   : copy_decompress_none.c.obj (.text:decompress:none:__TI_decompress_none)
                  00005114    0000000e     startup_msp432p401r_ccs.obj (.text)
                  00005122    00000002     --HOLE-- [fill = 0]
                  00005124    00000008     rtsv7M4_T_le_v4SPD16_eabi.lib : errno.c.obj (.text:__aeabi_errno_addr)
                  0000512c    00000008                                   : memory.c.obj (.text:malloc)
                  00005134    00000004                                   : printf.c.obj (.text:_outc)
                  00005138    00000004                                   : printf.c.obj (.text:_outs)
                  0000513c    00000004                                   : pre_init.c.obj (.text:_system_pre_init)
                  00005140    00000004                                   : exit.c.obj (.text:abort:abort)

.const     0    00005144    00000152     
                  00005144    00000101     rtsv7M4_T_le_v4SPD16_eabi.lib : ctype.c.obj (.const:.string:_ctypes_)
                  00005245    00000003     --HOLE-- [fill = 0]
                  00005248    00000020     Reflectance_Sensor.obj (.const:Mask)
                  00005268    00000020     Reflectance_Sensor.obj (.const:Weight)
                  00005288    0000000e     GPIO.obj (.const)

.cinit     0    00005298    000000b0     
                  00005298    0000008a     (.cinit..data.load) [load image, compression = lzss]
                  00005322    00000002     --HOLE-- [fill = 0]
                  00005324    0000000c     (__TI_handler_table)
                  00005330    00000008     (.cinit..bss.load) [load image, compression = zero_init]
                  00005338    00000010     (__TI_cinit_table)

.init_array 
*          0    00000000    00000000     UNINITIALIZED

.binit     0    00000000    00000000     

.sysmem    0    20000000    00000400     UNINITIALIZED
                  20000000    00000010     rtsv7M4_T_le_v4SPD16_eabi.lib : memory.c.obj (.sysmem)
                  20000010    000003f0     --HOLE--

.data      0    20000400    00000258     UNINITIALIZED
                  20000400    000000f0     rtsv7M4_T_le_v4SPD16_eabi.lib : defs.c.obj (.data:_ftable)
                  200004f0    00000078                                   : host_device.c.obj (.data:_device)
                  20000568    00000050                                   : host_device.c.obj (.data:_stream)
                  200005b8    00000034     Line_Follower_main.obj (.data)
                  200005ec    00000018     Clock.obj (.data)
                  20000604    00000010     rtsv7M4_T_le_v4SPD16_eabi.lib : defs.c.obj (.data)
                  20000614    0000000c                                   : exit.c.obj (.data:$O1$$)
                  20000620    0000000a     Tachometer.obj (.data)
                  2000062a    00000002     --HOLE--
                  2000062c    00000008     rtsv7M4_T_le_v4SPD16_eabi.lib : _lock.c.obj (.data:$O1$$)
                  20000634    00000008                                   : memory.c.obj (.data:$O1$$)
                  2000063c    00000008     Timer_A3_Capture.obj (.data)
                  20000644    00000004     rtsv7M4_T_le_v4SPD16_eabi.lib : add_device.c.obj (.data)
                  20000648    00000004                                   : errno.c.obj (.data)
                  2000064c    00000004                                   : fopen.c.obj (.data)
                  20000650    00000004                                   : open.c.obj (.data)
                  20000654    00000004     system_msp432p401r.obj (.data)

.bss       0    20000658    00000215     UNINITIALIZED
                  20000658    00000120     rtsv7M4_T_le_v4SPD16_eabi.lib : trgmsg.c.obj (.bss:_CIOBUF_)
                  20000778    000000a0     (.common:__TI_tmpnams)
                  20000818    0000000c     (.common:ChannelCount)
                  20000824    00000008     OPT3101.obj (.bss)
                  2000082c    00000008     (.common:parmbuf)
                  20000834    00000004     (.common:Bumper_Task)
                  20000838    00000004     (.common:Line_Sensor_Position)
                  2000083c    00000004     (.common:PTxChan)
                  20000840    00000004     (.common:Pamplitudes)
                  20000844    00000004     (.common:Pdistances)
                  20000848    00000004     (.common:Timer_A1_Task)
                  2000084c    00000004     (.common:Timer_A2_Capture_Task_1)
                  20000850    00000004     (.common:isIntersectionIgnore)
                  20000854    00000004     (.common:left_steps)
                  20000858    00000004     (.common:right_steps)
                  2000085c    00000002     (.common:Duty_Cycle_Left)
                  2000085e    00000002     (.common:Duty_Cycle_Right)
                  20000860    00000002     (.common:Tachometer_FirstLeftTime)
                  20000862    00000002     (.common:Tachometer_FirstRightTime)
                  20000864    00000002     (.common:Tachometer_SecondLeftTime)
                  20000866    00000002     (.common:Tachometer_SecondRightTime)
                  20000868    00000002     (.common:left_tach)
                  2000086a    00000002     (.common:right_tach)
                  2000086c    00000001     (.common:Line_Sensor_Data)

.stack     0    2000fe00    00000200     UNINITIALIZED
                  2000fe00    00000004     rtsv7M4_T_le_v4SPD16_eabi.lib : boot_cortex_m.c.obj (.stack)
                  2000fe04    000001fc     --HOLE--

__llvm_prf_cnts 
*          0    20000000    00000000     UNINITIALIZED

MODULE SUMMARY

       Module                        code    ro data   rw data
       ------                        ----    -------   -------
    .\
       Line_Follower_main.obj        1508    0         154    
       OPT3101.obj                   1240    0         64     
       EUSCI_A0_UART.obj             1140    0         0      
       system_msp432p401r.obj        812     0         8      
       GPIO.obj                      804     14        0      
       EUSCI_B1_I2C.obj              552     0         0      
       Reflectance_Sensor.obj        488     64        0      
       Clock.obj                     480     0         48     
       Motor.obj                     400     0         8      
       Tachometer.obj                316     0         36     
       Timer_A3_Capture.obj          248     0         16     
       startup_msp432p401r_ccs.obj   14      228       0      
       Bumper_Sensors.obj            232     0         8      
       Timer_A0_PWM.obj              232     0         0      
       Timer_A2_Capture.obj          184     0         8      
       Timer_A1_Interrupt.obj        176     0         0      
       SysTick_Interrupt.obj         64      0         0      
       CortexM.obj                   36      0         0      
    +--+-----------------------------+-------+---------+---------+
       Total:                        8926    306       350    
                                                              
    C:\ti\ccs1270\ccs\tools\compiler\ti-cgt-arm_20.2.7.LTS\lib\rtsv7M4_T_le_v4SPD16_eabi.lib
       _printfi.c.obj                4851    0         0      
       defs.c.obj                    0       0         832    
       memory.c.obj                  672     0         16     
       trgmsg.c.obj                  108     0         576    
       fopen.c.obj                   532     0         8      
       fd_add_t2.asm.obj             438     0         0      
       host_device.c.obj             0       0         400    
       fd_div_t2.asm.obj             310     0         0      
       fputs.c.obj                   276     0         0      
       s_scalbn.c.obj                272     0         0      
       fd_cmp_t2.asm.obj             268     0         0      
       ctype.c.obj                   0       257       0      
       fd_mul_t2.asm.obj             252     0         0      
       setvbuf.c.obj                 220     0         0      
       open.c.obj                    188     0         8      
       add_device.c.obj              184     0         8      
       memcpy_t2.asm.obj             156     0         0      
       ull_div_t2.asm.obj            150     0         0      
       fputc.c.obj                   140     0         0      
       memset_t2.asm.obj             122     0         0      
       fclose.c.obj                  116     0         0      
       getdevice.c.obj               116     0         0      
       hostopen.c.obj                96      0         16     
       printf.c.obj                  112     0         0      
       hostrename.c.obj              108     0         0      
       copy_decompress_lzss.c.obj    104     0         0      
       hostlseek.c.obj               104     0         0      
       exit.c.obj                    76      0         24     
       fseek.c.obj                   100     0         0      
       s_frexp.c.obj                 100     0         0      
       _io_perm.c.obj                98      0         0      
       close.c.obj                   92      0         0      
       hostread.c.obj                88      0         0      
       hostwrite.c.obj               88      0         0      
       _ltoa.c.obj                   84      0         0      
       atoi.c.obj                    76      0         0      
       fflush.c.obj                  76      0         0      
       fd_toi_t2.asm.obj             72      0         0      
       autoinit.c.obj                68      0         0      
       hostclose.c.obj               68      0         0      
       hostunlink.c.obj              68      0         0      
       fs_tod_t2.asm.obj             56      0         0      
       strncpy.c.obj                 54      0         0      
       boot_cortex_m.c.obj           52      0         0      
       i_tofd_t2.asm.obj             46      0         0      
       unlink.c.obj                  44      0         0      
       lseek.c.obj                   40      0         0      
       write.c.obj                   40      0         0      
       memchr.c.obj                  32      0         0      
       copy_zero_init.c.obj          28      0         0      
       memccpy.c.obj                 28      0         0      
       s_copysign.c.obj              26      0         0      
       strcmp.c.obj                  24      0         0      
       strchr.c.obj                  22      0         0      
       strcpy.c.obj                  20      0         0      
       strlen.c.obj                  20      0         0      
       _lock.c.obj                   2       0         16     
       wcslen.c.obj                  18      0         0      
       errno.c.obj                   8       0         8      
       copy_decompress_none.c.obj    14      0         0      
       pre_init.c.obj                4       0         0      
       div0.asm.obj                  2       0         0      
    +--+-----------------------------+-------+---------+---------+
       Total:                        11629   257       1912   
                                                              
       Heap:                         0       0         2048   
       Stack:                        0       0         1024   
       Linker Generated:             0       174       0      
    +--+-----------------------------+-------+---------+---------+
       Grand Total:                  20555   737       5334   


LINKER GENERATED COPY TABLES

__TI_cinit_table @ 00005338 records: 2, size/record: 8, table size: 16
	.data: load addr=00005298, load size=0000008a bytes, run addr=20000400, run size=00000258 bytes, compression=lzss
	.bss: load addr=00005330, load size=00000008 bytes, run addr=20000658, run size=00000215 bytes, compression=zero_init


LINKER GENERATED HANDLER TABLE

__TI_handler_table @ 00005324 records: 3, size/record: 4, table size: 12
	index: 0, handler: __TI_decompress_lzss
	index: 1, handler: __TI_decompress_none
	index: 2, handler: __TI_zero_init


GLOBAL SYMBOLS: SORTED ALPHABETICALLY BY Name 

address   name                               
-------   ----                               
00005121  ADC14_IRQHandler                   
00005121  AES256_IRQHandler                  
0000399b  Bumper_Read                        
00003929  Bumper_Sensors_Init                
20000834  Bumper_Task                        
00005121  BusFault_Handler                   
00001e5b  Buttons_Init                       
00005141  C$$EXIT                            
00004d9f  C$$IO$$                            
00005121  COMP_E0_IRQHandler                 
00005121  COMP_E1_IRQHandler                 
200005f4  CPMwait                            
00005121  CS_IRQHandler                      
2000063c  Capture_Task_0                     
20000640  Capture_Task_1                     
20000818  ChannelCount                       
200005ec  ClockFrequency                     
00002889  Clock_Delay1ms                     
0000285f  Clock_Delay1us                     
0000284b  Clock_GetFreq                      
00002735  Clock_Init48MHz                    
20000600  Crystalstable                      
00005121  DMA_ERR_IRQHandler                 
00005121  DMA_INT0_IRQHandler                
00005121  DMA_INT1_IRQHandler                
00005121  DMA_INT2_IRQHandler                
00005121  DMA_INT3_IRQHandler                
00005121  DebugMon_Handler                   
00005121  Default_Handler                    
00004fed  DisableInterrupts                  
2000085c  Duty_Cycle_Left                    
2000085e  Duty_Cycle_Right                   
00005121  EUSCIA0_IRQHandler                 
00005121  EUSCIA1_IRQHandler                 
00005121  EUSCIA2_IRQHandler                 
00005121  EUSCIA3_IRQHandler                 
00005121  EUSCIB0_IRQHandler                 
00005121  EUSCIB1_IRQHandler                 
00005121  EUSCIB2_IRQHandler                 
00005121  EUSCIB3_IRQHandler                 
00001935  EUSCI_A0_UART_Close                
0000163f  EUSCI_A0_UART_InChar               
0000166b  EUSCI_A0_UART_InString             
00001703  EUSCI_A0_UART_InUDec               
000015f1  EUSCI_A0_UART_Init                 
000019d7  EUSCI_A0_UART_Init_Printf          
000019ad  EUSCI_A0_UART_LSeek                
00001925  EUSCI_A0_UART_Open                 
0000164f  EUSCI_A0_UART_OutChar              
000017b7  EUSCI_A0_UART_OutSDec              
000016e5  EUSCI_A0_UART_OutString            
00001787  EUSCI_A0_UART_OutUDec              
000017d9  EUSCI_A0_UART_OutUFix              
000018e5  EUSCI_A0_UART_OutUHex              
00001941  EUSCI_A0_UART_Read                 
000019c9  EUSCI_A0_UART_Rename               
000019bd  EUSCI_A0_UART_Unlink               
0000196b  EUSCI_A0_UART_Write                
00002325  EUSCI_B1_I2C_Init                  
00002441  EUSCI_B1_I2C_Receive_A_Byte        
0000249f  EUSCI_B1_I2C_Receive_Multiple_Bytes
0000236d  EUSCI_B1_I2C_Send_A_Byte           
000023c9  EUSCI_B1_I2C_Send_Multiple_Bytes   
00004ff3  EnableInterrupts                   
00005003  EndCritical                        
00005121  FLCTL_IRQHandler                   
00005121  FPU_IRQHandler                     
00001e91  Get_Buttons_Status                 
00004be1  HOSTclose                          
000045ed  HOSTlseek                          
00004851  HOSTopen                           
0000490d  HOSTread                           
00004581  HOSTrename                         
00004c25  HOSTunlink                         
00004965  HOSTwrite                          
00005121  HardFault_Handler                  
200005fc  IFlags                             
00001d91  LED1_Init                          
00001dbb  LED1_Output                        
00001de5  LED2_Init                          
00001e19  LED2_Output                        
00001e43  LED2_Toggle                        
00001ff3  LED_Controller                     
00001f35  LED_Pattern_1                      
00001fa5  LED_Pattern_2                      
00000b8f  Line_Follower_Controller_1         
00000cb9  Line_Follower_Controller_2         
00000b35  Line_Follower_FSM_1                
00000c5f  Line_Follower_FSM_2                
2000086c  Line_Sensor_Data                   
20000838  Line_Sensor_Position               
00005248  Mask                               
00005121  MemManage_Handler                  
00002dad  Motor_Backward                     
00002cfd  Motor_Forward                      
00002c9d  Motor_Init                         
00002d6d  Motor_Left                         
00002d2d  Motor_Right                        
00002de3  Motor_Stop                         
00005121  NMI_Handler                        
0000154f  OPT3101_ArmInterrupts              
00001311  OPT3101_CalibrateInternalCrosstalk 
000014b9  OPT3101_CheckDistanceSensor        
00001483  OPT3101_GetAmplitude               
0000149f  OPT3101_GetDistanceMillimeters     
000014cd  OPT3101_GetMeasurement             
00001495  OPT3101_GetPhase                   
00001479  OPT3101_GetTxChannel               
00001183  OPT3101_Init                       
00001459  OPT3101_MeasurementError           
00001441  OPT3101_ReadMeasurement            
00001119  OPT3101_ReadRegister               
000011e1  OPT3101_Setup                      
000013f3  OPT3101_StartMeasurement           
00001401  OPT3101_StartMeasurementChannel    
00001149  OPT3101_WriteRegister              
00002029  P8_Init                            
00005121  PCM_IRQHandler                     
00005294  PMOD_8LD_0_3_ON                    
00005295  PMOD_8LD_4_7_ON                    
00005292  PMOD_8LD_ALL_OFF                   
00005293  PMOD_8LD_ALL_ON                    
00001ea9  PMOD_8LD_Init                      
00001edd  PMOD_8LD_Output                    
00001efd  PMOD_SWT_Init                      
00001f1d  PMOD_SWT_Status                    
00005121  PORT1_IRQHandler                   
00005121  PORT2_IRQHandler                   
00005121  PORT3_IRQHandler                   
000039c7  PORT4_IRQHandler                   
000039c7  PORT4_IRQHandler                   
00005121  PORT5_IRQHandler                   
000015a5  PORT6_IRQHandler                   
000015a5  PORT6_IRQHandler                   
00005121  PSS_IRQHandler                     
2000083c  PTxChan                            
20000840  Pamplitudes                        
20000844  Pdistances                         
00005121  PendSV_Handler                     
200005f8  Postwait                           
200005f0  Prewait                            
00005288  RED_LED_OFF                        
00005289  RED_LED_ON                         
0000528e  RGB_LED_BLUE                       
0000528c  RGB_LED_GREEN                      
0000528a  RGB_LED_OFF                        
0000528f  RGB_LED_PINK                       
0000528b  RGB_LED_RED                        
00005290  RGB_LED_SKY_BLUE                   
00005291  RGB_LED_WHITE                      
0000528d  RGB_LED_YELLOW                     
00005121  RTC_C_IRQHandler                   
00002621  Reflectance_Sensor_Center          
000026d1  Reflectance_Sensor_End             
0000254d  Reflectance_Sensor_Init            
00002633  Reflectance_Sensor_Position        
000025bd  Reflectance_Sensor_Read            
00002699  Reflectance_Sensor_Start           
00005115  Reset_Handler                      
00005121  SVC_Handler                        
00004ff9  StartCritical                      
00000fc1  SysTick_Handler                    
00000fc1  SysTick_Handler                    
00004cf1  SysTick_Interrupt_Init             
200005c8  SysTick_counter                    
20000654  SystemCoreClock                    
00001a65  SystemCoreClockUpdate              
00001cd9  SystemInit                         
00005121  T32_INT1_IRQHandler                
00005121  T32_INT2_IRQHandler                
00005121  T32_INTC_IRQHandler                
00005121  TA0_0_IRQHandler                   
00005121  TA0_N_IRQHandler                   
00004013  TA1_0_IRQHandler                   
00004013  TA1_0_IRQHandler                   
00005121  TA1_N_IRQHandler                   
00005121  TA2_0_IRQHandler                   
00003de5  TA2_N_IRQHandler                   
00003de5  TA2_N_IRQHandler                   
000038bd  TA3_0_IRQHandler                   
000038bd  TA3_0_IRQHandler                   
000038d7  TA3_N_IRQHandler                   
000038d7  TA3_N_IRQHandler                   
20000860  Tachometer_FirstLeftTime           
20000862  Tachometer_FirstRightTime          
00002ee3  Tachometer_Get                     
00002eb9  Tachometer_Init                    
20000629  Tachometer_LeftDir                 
20000624  Tachometer_LeftSteps               
00002e73  Tachometer_Left_Int                
20000628  Tachometer_RightDir                
20000620  Tachometer_RightSteps              
00002e2d  Tachometer_Right_Int               
20000864  Tachometer_SecondLeftTime          
20000866  Tachometer_SecondRightTime         
00003fff  TimerA1_Stop                       
00003a11  Timer_A0_PWM_Init                  
00003a99  Timer_A0_Update_Duty_Cycle_1       
00003ab9  Timer_A0_Update_Duty_Cycle_2       
00003f99  Timer_A1_Interrupt_Init            
00000fc9  Timer_A1_Periodic_Task             
20000848  Timer_A1_Task                      
00003d75  Timer_A2_Capture_Init              
2000084c  Timer_A2_Capture_Task_1            
0000383d  Timer_A3_Capture_Init              
00001801  UART0_InUHex                       
00005121  UsageFault_Handler                 
00003831  User_Function                      
4000480c  WDTCTL_SYM                         
00005121  WDT_A_IRQHandler                   
0000500b  WaitForInterrupt                   
00005268  Weight                             
20000658  __CIOBUF_                          
20010000  __STACK_END                        
00000200  __STACK_SIZE                       
00000400  __SYSMEM_SIZE                      
00005338  __TI_CINIT_Base                    
00005348  __TI_CINIT_Limit                   
00005324  __TI_Handler_Table_Base            
00005330  __TI_Handler_Table_Limit           
00004c69  __TI_auto_init_nobinit_nopinit     
00004e19  __TI_cleanup                       
20000614  __TI_cleanup_ptr                   
0000442d  __TI_closefile                     
00004655  __TI_decompress_lzss               
00005107  __TI_decompress_none               
00004ab9  __TI_doflush                       
20000618  __TI_dtors_ptr                     
2000061c  __TI_enable_exit_profile_output    
20000604  __TI_ft_end                        
00004a13  __TI_ltoa                          
ffffffff  __TI_pprof_out_hndl                
000000e5  __TI_printfi                       
ffffffff  __TI_prof_data_size                
ffffffff  __TI_prof_data_start               
00004e4d  __TI_readmsg                       
00000000  __TI_static_base__                 
20000778  __TI_tmpnams                       
00004d71  __TI_writemsg                      
000047ed  __TI_wrt_ok                        
00005031  __TI_zero_init_nomemset            
000042a5  __aeabi_cdcmpeq                    
000042a5  __aeabi_cdcmple                    
0000432b  __aeabi_cdrcmple                   
00004b99  __aeabi_d2iz                       
00002aef  __aeabi_dadd                       
000030a5  __aeabi_ddiv                       
00003735  __aeabi_dmul                       
00002ae5  __aeabi_dsub                       
00005125  __aeabi_errno_addr                 
00004da9  __aeabi_f2d                        
00004f19  __aeabi_i2d                        
00002c9b  __aeabi_idiv0                      
00002c9b  __aeabi_ldiv0                      
000043b1  __aeabi_memclr                     
000043b1  __aeabi_memclr4                    
000043b1  __aeabi_memclr8                    
000040e5  __aeabi_memcpy                     
000040e5  __aeabi_memcpy4                    
000040e5  __aeabi_memcpy8                    
000043b3  __aeabi_memset                     
000043b3  __aeabi_memset4                    
000043b3  __aeabi_memset8                    
20000610  __aeabi_stderr                     
20000608  __aeabi_stdin                      
2000060c  __aeabi_stdout                     
00004181  __aeabi_uldivmod                   
ffffffff  __binit__                          
ffffffff  __c_args__                         
UNDEFED   __mpu_init                         
2000fe00  __stack                            
20000000  __start___llvm_prf_cnts            
20000000  __stop___llvm_prf_cnts             
00004e81  _c_int00_noargs                    
00005144  _ctypes_                           
200004f0  _device                            
20000400  _ftable                            
2000062c  _lock                              
00000b33  _nop                               
20000568  _stream                            
20000000  _sys_memory                        
UNDEFED   _system_post_cinit                 
0000513d  _system_pre_init                   
20000630  _unlock                            
00005141  abort                              
00003e2d  add_device                         
00003635  aligned_alloc                      
00004b05  atoi                               
ffffffff  binit                              
200005c6  center_range                       
000048b1  close                              
00005085  copysign                           
00005085  copysignl                          
200005bc  currentSpeed                       
200005cc  current_state                      
00002851  delay                              
00000e09  disableIgnore                      
00000e1d  doSome                             
00000df5  enableIgnore                       
20000648  errno                              
00004b51  exit                               
00004ee9  finddevice                         
00004049  fopen                              
00004219  fputc                              
00003301  fputs                              
00003af9  free                               
00004eb5  freopen                            
00004725  frexp                              
00004725  frexpl                             
00004789  fseek                              
200005c0  funCallCnt                         
00004cad  getdevice                          
00000000  interruptVectors                   
20000850  isIntersectionIgnore               
00003525  ldexp                              
00003525  ldexpl                             
200005cd  left_dir                           
20000854  left_steps                         
20000868  left_tach                          
00004f9d  lseek                              
00000fd5  main                               
0000512d  malloc                             
00003635  memalign                           
00005069  memccpy                            
00005011  memchr                             
000040e5  memcpy                             
000043b9  memset                             
00000e41  moretask                           
200005c4  no_black_counter                   
00003cb9  open                               
2000082c  parmbuf                            
000046bd  printf                             
00004219  putc                               
00004f49  remove                             
00000e15  resetTotalDistance                 
200005ce  right_dir                          
20000858  right_steps                        
2000086a  right_tach                         
00003525  scalbn                             
00003525  scalbnl                            
00003bdd  setvbuf                            
000050b7  strchr                             
0000509f  strcmp                             
000050cd  strcpy                             
000050e1  strlen                             
00004de1  strncpy                            
200005c5  t_flag                             
200005b8  totalDistance                      
00004f49  unlink                             
000050f5  wcslen                             
00004fc5  write                              


GLOBAL SYMBOLS: SORTED BY Symbol Address 

address   name                               
-------   ----                               
00000000  __TI_static_base__                 
00000000  interruptVectors                   
000000e5  __TI_printfi                       
00000200  __STACK_SIZE                       
00000400  __SYSMEM_SIZE                      
00000b33  _nop                               
00000b35  Line_Follower_FSM_1                
00000b8f  Line_Follower_Controller_1         
00000c5f  Line_Follower_FSM_2                
00000cb9  Line_Follower_Controller_2         
00000df5  enableIgnore                       
00000e09  disableIgnore                      
00000e15  resetTotalDistance                 
00000e1d  doSome                             
00000e41  moretask                           
00000fc1  SysTick_Handler                    
00000fc1  SysTick_Handler                    
00000fc9  Timer_A1_Periodic_Task             
00000fd5  main                               
00001119  OPT3101_ReadRegister               
00001149  OPT3101_WriteRegister              
00001183  OPT3101_Init                       
000011e1  OPT3101_Setup                      
00001311  OPT3101_CalibrateInternalCrosstalk 
000013f3  OPT3101_StartMeasurement           
00001401  OPT3101_StartMeasurementChannel    
00001441  OPT3101_ReadMeasurement            
00001459  OPT3101_MeasurementError           
00001479  OPT3101_GetTxChannel               
00001483  OPT3101_GetAmplitude               
00001495  OPT3101_GetPhase                   
0000149f  OPT3101_GetDistanceMillimeters     
000014b9  OPT3101_CheckDistanceSensor        
000014cd  OPT3101_GetMeasurement             
0000154f  OPT3101_ArmInterrupts              
000015a5  PORT6_IRQHandler                   
000015a5  PORT6_IRQHandler                   
000015f1  EUSCI_A0_UART_Init                 
0000163f  EUSCI_A0_UART_InChar               
0000164f  EUSCI_A0_UART_OutChar              
0000166b  EUSCI_A0_UART_InString             
000016e5  EUSCI_A0_UART_OutString            
00001703  EUSCI_A0_UART_InUDec               
00001787  EUSCI_A0_UART_OutUDec              
000017b7  EUSCI_A0_UART_OutSDec              
000017d9  EUSCI_A0_UART_OutUFix              
00001801  UART0_InUHex                       
000018e5  EUSCI_A0_UART_OutUHex              
00001925  EUSCI_A0_UART_Open                 
00001935  EUSCI_A0_UART_Close                
00001941  EUSCI_A0_UART_Read                 
0000196b  EUSCI_A0_UART_Write                
000019ad  EUSCI_A0_UART_LSeek                
000019bd  EUSCI_A0_UART_Unlink               
000019c9  EUSCI_A0_UART_Rename               
000019d7  EUSCI_A0_UART_Init_Printf          
00001a65  SystemCoreClockUpdate              
00001cd9  SystemInit                         
00001d91  LED1_Init                          
00001dbb  LED1_Output                        
00001de5  LED2_Init                          
00001e19  LED2_Output                        
00001e43  LED2_Toggle                        
00001e5b  Buttons_Init                       
00001e91  Get_Buttons_Status                 
00001ea9  PMOD_8LD_Init                      
00001edd  PMOD_8LD_Output                    
00001efd  PMOD_SWT_Init                      
00001f1d  PMOD_SWT_Status                    
00001f35  LED_Pattern_1                      
00001fa5  LED_Pattern_2                      
00001ff3  LED_Controller                     
00002029  P8_Init                            
00002325  EUSCI_B1_I2C_Init                  
0000236d  EUSCI_B1_I2C_Send_A_Byte           
000023c9  EUSCI_B1_I2C_Send_Multiple_Bytes   
00002441  EUSCI_B1_I2C_Receive_A_Byte        
0000249f  EUSCI_B1_I2C_Receive_Multiple_Bytes
0000254d  Reflectance_Sensor_Init            
000025bd  Reflectance_Sensor_Read            
00002621  Reflectance_Sensor_Center          
00002633  Reflectance_Sensor_Position        
00002699  Reflectance_Sensor_Start           
000026d1  Reflectance_Sensor_End             
00002735  Clock_Init48MHz                    
0000284b  Clock_GetFreq                      
00002851  delay                              
0000285f  Clock_Delay1us                     
00002889  Clock_Delay1ms                     
00002ae5  __aeabi_dsub                       
00002aef  __aeabi_dadd                       
00002c9b  __aeabi_idiv0                      
00002c9b  __aeabi_ldiv0                      
00002c9d  Motor_Init                         
00002cfd  Motor_Forward                      
00002d2d  Motor_Right                        
00002d6d  Motor_Left                         
00002dad  Motor_Backward                     
00002de3  Motor_Stop                         
00002e2d  Tachometer_Right_Int               
00002e73  Tachometer_Left_Int                
00002eb9  Tachometer_Init                    
00002ee3  Tachometer_Get                     
000030a5  __aeabi_ddiv                       
00003301  fputs                              
00003525  ldexp                              
00003525  ldexpl                             
00003525  scalbn                             
00003525  scalbnl                            
00003635  aligned_alloc                      
00003635  memalign                           
00003735  __aeabi_dmul                       
00003831  User_Function                      
0000383d  Timer_A3_Capture_Init              
000038bd  TA3_0_IRQHandler                   
000038bd  TA3_0_IRQHandler                   
000038d7  TA3_N_IRQHandler                   
000038d7  TA3_N_IRQHandler                   
00003929  Bumper_Sensors_Init                
0000399b  Bumper_Read                        
000039c7  PORT4_IRQHandler                   
000039c7  PORT4_IRQHandler                   
00003a11  Timer_A0_PWM_Init                  
00003a99  Timer_A0_Update_Duty_Cycle_1       
00003ab9  Timer_A0_Update_Duty_Cycle_2       
00003af9  free                               
00003bdd  setvbuf                            
00003cb9  open                               
00003d75  Timer_A2_Capture_Init              
00003de5  TA2_N_IRQHandler                   
00003de5  TA2_N_IRQHandler                   
00003e2d  add_device                         
00003f99  Timer_A1_Interrupt_Init            
00003fff  TimerA1_Stop                       
00004013  TA1_0_IRQHandler                   
00004013  TA1_0_IRQHandler                   
00004049  fopen                              
000040e5  __aeabi_memcpy                     
000040e5  __aeabi_memcpy4                    
000040e5  __aeabi_memcpy8                    
000040e5  memcpy                             
00004181  __aeabi_uldivmod                   
00004219  fputc                              
00004219  putc                               
000042a5  __aeabi_cdcmpeq                    
000042a5  __aeabi_cdcmple                    
0000432b  __aeabi_cdrcmple                   
000043b1  __aeabi_memclr                     
000043b1  __aeabi_memclr4                    
000043b1  __aeabi_memclr8                    
000043b3  __aeabi_memset                     
000043b3  __aeabi_memset4                    
000043b3  __aeabi_memset8                    
000043b9  memset                             
0000442d  __TI_closefile                     
00004581  HOSTrename                         
000045ed  HOSTlseek                          
00004655  __TI_decompress_lzss               
000046bd  printf                             
00004725  frexp                              
00004725  frexpl                             
00004789  fseek                              
000047ed  __TI_wrt_ok                        
00004851  HOSTopen                           
000048b1  close                              
0000490d  HOSTread                           
00004965  HOSTwrite                          
00004a13  __TI_ltoa                          
00004ab9  __TI_doflush                       
00004b05  atoi                               
00004b51  exit                               
00004b99  __aeabi_d2iz                       
00004be1  HOSTclose                          
00004c25  HOSTunlink                         
00004c69  __TI_auto_init_nobinit_nopinit     
00004cad  getdevice                          
00004cf1  SysTick_Interrupt_Init             
00004d71  __TI_writemsg                      
00004d9f  C$$IO$$                            
00004da9  __aeabi_f2d                        
00004de1  strncpy                            
00004e19  __TI_cleanup                       
00004e4d  __TI_readmsg                       
00004e81  _c_int00_noargs                    
00004eb5  freopen                            
00004ee9  finddevice                         
00004f19  __aeabi_i2d                        
00004f49  remove                             
00004f49  unlink                             
00004f9d  lseek                              
00004fc5  write                              
00004fed  DisableInterrupts                  
00004ff3  EnableInterrupts                   
00004ff9  StartCritical                      
00005003  EndCritical                        
0000500b  WaitForInterrupt                   
00005011  memchr                             
00005031  __TI_zero_init_nomemset            
00005069  memccpy                            
00005085  copysign                           
00005085  copysignl                          
0000509f  strcmp                             
000050b7  strchr                             
000050cd  strcpy                             
000050e1  strlen                             
000050f5  wcslen                             
00005107  __TI_decompress_none               
00005115  Reset_Handler                      
00005121  ADC14_IRQHandler                   
00005121  AES256_IRQHandler                  
00005121  BusFault_Handler                   
00005121  COMP_E0_IRQHandler                 
00005121  COMP_E1_IRQHandler                 
00005121  CS_IRQHandler                      
00005121  DMA_ERR_IRQHandler                 
00005121  DMA_INT0_IRQHandler                
00005121  DMA_INT1_IRQHandler                
00005121  DMA_INT2_IRQHandler                
00005121  DMA_INT3_IRQHandler                
00005121  DebugMon_Handler                   
00005121  Default_Handler                    
00005121  EUSCIA0_IRQHandler                 
00005121  EUSCIA1_IRQHandler                 
00005121  EUSCIA2_IRQHandler                 
00005121  EUSCIA3_IRQHandler                 
00005121  EUSCIB0_IRQHandler                 
00005121  EUSCIB1_IRQHandler                 
00005121  EUSCIB2_IRQHandler                 
00005121  EUSCIB3_IRQHandler                 
00005121  FLCTL_IRQHandler                   
00005121  FPU_IRQHandler                     
00005121  HardFault_Handler                  
00005121  MemManage_Handler                  
00005121  NMI_Handler                        
00005121  PCM_IRQHandler                     
00005121  PORT1_IRQHandler                   
00005121  PORT2_IRQHandler                   
00005121  PORT3_IRQHandler                   
00005121  PORT5_IRQHandler                   
00005121  PSS_IRQHandler                     
00005121  PendSV_Handler                     
00005121  RTC_C_IRQHandler                   
00005121  SVC_Handler                        
00005121  T32_INT1_IRQHandler                
00005121  T32_INT2_IRQHandler                
00005121  T32_INTC_IRQHandler                
00005121  TA0_0_IRQHandler                   
00005121  TA0_N_IRQHandler                   
00005121  TA1_N_IRQHandler                   
00005121  TA2_0_IRQHandler                   
00005121  UsageFault_Handler                 
00005121  WDT_A_IRQHandler                   
00005125  __aeabi_errno_addr                 
0000512d  malloc                             
0000513d  _system_pre_init                   
00005141  C$$EXIT                            
00005141  abort                              
00005144  _ctypes_                           
00005248  Mask                               
00005268  Weight                             
00005288  RED_LED_OFF                        
00005289  RED_LED_ON                         
0000528a  RGB_LED_OFF                        
0000528b  RGB_LED_RED                        
0000528c  RGB_LED_GREEN                      
0000528d  RGB_LED_YELLOW                     
0000528e  RGB_LED_BLUE                       
0000528f  RGB_LED_PINK                       
00005290  RGB_LED_SKY_BLUE                   
00005291  RGB_LED_WHITE                      
00005292  PMOD_8LD_ALL_OFF                   
00005293  PMOD_8LD_ALL_ON                    
00005294  PMOD_8LD_0_3_ON                    
00005295  PMOD_8LD_4_7_ON                    
00005324  __TI_Handler_Table_Base            
00005330  __TI_Handler_Table_Limit           
00005338  __TI_CINIT_Base                    
00005348  __TI_CINIT_Limit                   
20000000  __start___llvm_prf_cnts            
20000000  __stop___llvm_prf_cnts             
20000000  _sys_memory                        
20000400  _ftable                            
200004f0  _device                            
20000568  _stream                            
200005b8  totalDistance                      
200005bc  currentSpeed                       
200005c0  funCallCnt                         
200005c4  no_black_counter                   
200005c5  t_flag                             
200005c6  center_range                       
200005c8  SysTick_counter                    
200005cc  current_state                      
200005cd  left_dir                           
200005ce  right_dir                          
200005ec  ClockFrequency                     
200005f0  Prewait                            
200005f4  CPMwait                            
200005f8  Postwait                           
200005fc  IFlags                             
20000600  Crystalstable                      
20000604  __TI_ft_end                        
20000608  __aeabi_stdin                      
2000060c  __aeabi_stdout                     
20000610  __aeabi_stderr                     
20000614  __TI_cleanup_ptr                   
20000618  __TI_dtors_ptr                     
2000061c  __TI_enable_exit_profile_output    
20000620  Tachometer_RightSteps              
20000624  Tachometer_LeftSteps               
20000628  Tachometer_RightDir                
20000629  Tachometer_LeftDir                 
2000062c  _lock                              
20000630  _unlock                            
2000063c  Capture_Task_0                     
20000640  Capture_Task_1                     
20000648  errno                              
20000654  SystemCoreClock                    
20000658  __CIOBUF_                          
20000778  __TI_tmpnams                       
20000818  ChannelCount                       
2000082c  parmbuf                            
20000834  Bumper_Task                        
20000838  Line_Sensor_Position               
2000083c  PTxChan                            
20000840  Pamplitudes                        
20000844  Pdistances                         
20000848  Timer_A1_Task                      
2000084c  Timer_A2_Capture_Task_1            
20000850  isIntersectionIgnore               
20000854  left_steps                         
20000858  right_steps                        
2000085c  Duty_Cycle_Left                    
2000085e  Duty_Cycle_Right                   
20000860  Tachometer_FirstLeftTime           
20000862  Tachometer_FirstRightTime          
20000864  Tachometer_SecondLeftTime          
20000866  Tachometer_SecondRightTime         
20000868  left_tach                          
2000086a  right_tach                         
2000086c  Line_Sensor_Data                   
2000fe00  __stack                            
20010000  __STACK_END                        
4000480c  WDTCTL_SYM                         
ffffffff  __TI_pprof_out_hndl                
ffffffff  __TI_prof_data_size                
ffffffff  __TI_prof_data_start               
ffffffff  __binit__                          
ffffffff  __c_args__                         
ffffffff  binit                              
UNDEFED   __mpu_init                         
UNDEFED   _system_post_cinit                 

[351 symbols]
