<?xml version="1.0" encoding="ISO-8859-1" ?>
<link_info>
   <banner>TI ARM Linker PC v20.2.7.LTS</banner>
   <copyright>Copyright (c) 1996-2018 Texas Instruments Incorporated</copyright>
   <link_time>0x67642911</link_time>
   <link_errors>0x0</link_errors>
   <output_file>Line_Follower.out</output_file>
   <entry_point>
      <name>_c_int00_noargs</name>
      <address>0x4e81</address>
   </entry_point>
   <input_file_list>
      <input_file id="fl-2">
         <path>.\</path>
         <kind>object</kind>
         <file>Analog_Distance_Sensor.obj</file>
         <name>Analog_Distance_Sensor.obj</name>
      </input_file>
      <input_file id="fl-3">
         <path>.\</path>
         <kind>object</kind>
         <file>Bumper_Sensors.obj</file>
         <name>Bumper_Sensors.obj</name>
      </input_file>
      <input_file id="fl-4">
         <path>.\</path>
         <kind>object</kind>
         <file>Clock.obj</file>
         <name>Clock.obj</name>
      </input_file>
      <input_file id="fl-5">
         <path>.\</path>
         <kind>object</kind>
         <file>CortexM.obj</file>
         <name>CortexM.obj</name>
      </input_file>
      <input_file id="fl-6">
         <path>.\</path>
         <kind>object</kind>
         <file>EUSCI_A0_UART.obj</file>
         <name>EUSCI_A0_UART.obj</name>
      </input_file>
      <input_file id="fl-7">
         <path>.\</path>
         <kind>object</kind>
         <file>EUSCI_A2_UART.obj</file>
         <name>EUSCI_A2_UART.obj</name>
      </input_file>
      <input_file id="fl-8">
         <path>.\</path>
         <kind>object</kind>
         <file>EUSCI_A3_SPI.obj</file>
         <name>EUSCI_A3_SPI.obj</name>
      </input_file>
      <input_file id="fl-9">
         <path>.\</path>
         <kind>object</kind>
         <file>EUSCI_B1_I2C.obj</file>
         <name>EUSCI_B1_I2C.obj</name>
      </input_file>
      <input_file id="fl-a">
         <path>.\</path>
         <kind>object</kind>
         <file>GPIO.obj</file>
         <name>GPIO.obj</name>
      </input_file>
      <input_file id="fl-b">
         <path>.\</path>
         <kind>object</kind>
         <file>LPF.obj</file>
         <name>LPF.obj</name>
      </input_file>
      <input_file id="fl-c">
         <path>.\</path>
         <kind>object</kind>
         <file>Line_Follower_main.obj</file>
         <name>Line_Follower_main.obj</name>
      </input_file>
      <input_file id="fl-d">
         <path>.\</path>
         <kind>object</kind>
         <file>Motor.obj</file>
         <name>Motor.obj</name>
      </input_file>
      <input_file id="fl-e">
         <path>.\</path>
         <kind>object</kind>
         <file>Nokia5110_LCD.obj</file>
         <name>Nokia5110_LCD.obj</name>
      </input_file>
      <input_file id="fl-f">
         <path>.\</path>
         <kind>object</kind>
         <file>OPT3001.obj</file>
         <name>OPT3001.obj</name>
      </input_file>
      <input_file id="fl-10">
         <path>.\</path>
         <kind>object</kind>
         <file>OPT3101.obj</file>
         <name>OPT3101.obj</name>
      </input_file>
      <input_file id="fl-11">
         <path>.\</path>
         <kind>object</kind>
         <file>PMOD_BTN_Interrupt.obj</file>
         <name>PMOD_BTN_Interrupt.obj</name>
      </input_file>
      <input_file id="fl-12">
         <path>.\</path>
         <kind>object</kind>
         <file>Reflectance_Sensor.obj</file>
         <name>Reflectance_Sensor.obj</name>
      </input_file>
      <input_file id="fl-13">
         <path>.\</path>
         <kind>object</kind>
         <file>SysTick_Interrupt.obj</file>
         <name>SysTick_Interrupt.obj</name>
      </input_file>
      <input_file id="fl-14">
         <path>.\</path>
         <kind>object</kind>
         <file>Tachometer.obj</file>
         <name>Tachometer.obj</name>
      </input_file>
      <input_file id="fl-15">
         <path>.\</path>
         <kind>object</kind>
         <file>Timer_A0_PWM.obj</file>
         <name>Timer_A0_PWM.obj</name>
      </input_file>
      <input_file id="fl-16">
         <path>.\</path>
         <kind>object</kind>
         <file>Timer_A1_Interrupt.obj</file>
         <name>Timer_A1_Interrupt.obj</name>
      </input_file>
      <input_file id="fl-17">
         <path>.\</path>
         <kind>object</kind>
         <file>Timer_A2_Capture.obj</file>
         <name>Timer_A2_Capture.obj</name>
      </input_file>
      <input_file id="fl-18">
         <path>.\</path>
         <kind>object</kind>
         <file>Timer_A2_PWM.obj</file>
         <name>Timer_A2_PWM.obj</name>
      </input_file>
      <input_file id="fl-19">
         <path>.\</path>
         <kind>object</kind>
         <file>Timer_A3_Capture.obj</file>
         <name>Timer_A3_Capture.obj</name>
      </input_file>
      <input_file id="fl-1a">
         <path>.\</path>
         <kind>object</kind>
         <file>startup_msp432p401r_ccs.obj</file>
         <name>startup_msp432p401r_ccs.obj</name>
      </input_file>
      <input_file id="fl-1b">
         <path>.\</path>
         <kind>object</kind>
         <file>system_msp432p401r.obj</file>
         <name>system_msp432p401r.obj</name>
      </input_file>
      <input_file id="fl-1f">
         <kind>object</kind>
         <file>&lt;internal&gt;</file>
         <name>&lt;internal&gt;</name>
      </input_file>
      <input_file id="fl-d5">
         <path>C:\ti\ccs1270\ccs\tools\compiler\ti-cgt-arm_20.2.7.LTS\lib\</path>
         <kind>archive</kind>
         <file>rtsv7M4_T_le_v4SPD16_eabi.lib</file>
         <name>printf.c.obj</name>
      </input_file>
      <input_file id="fl-d6">
         <path>C:\ti\ccs1270\ccs\tools\compiler\ti-cgt-arm_20.2.7.LTS\lib\</path>
         <kind>archive</kind>
         <file>rtsv7M4_T_le_v4SPD16_eabi.lib</file>
         <name>_printfi.c.obj</name>
      </input_file>
      <input_file id="fl-d7">
         <path>C:\ti\ccs1270\ccs\tools\compiler\ti-cgt-arm_20.2.7.LTS\lib\</path>
         <kind>archive</kind>
         <file>rtsv7M4_T_le_v4SPD16_eabi.lib</file>
         <name>fopen.c.obj</name>
      </input_file>
      <input_file id="fl-d8">
         <path>C:\ti\ccs1270\ccs\tools\compiler\ti-cgt-arm_20.2.7.LTS\lib\</path>
         <kind>archive</kind>
         <file>rtsv7M4_T_le_v4SPD16_eabi.lib</file>
         <name>fputc.c.obj</name>
      </input_file>
      <input_file id="fl-d9">
         <path>C:\ti\ccs1270\ccs\tools\compiler\ti-cgt-arm_20.2.7.LTS\lib\</path>
         <kind>archive</kind>
         <file>rtsv7M4_T_le_v4SPD16_eabi.lib</file>
         <name>fputs.c.obj</name>
      </input_file>
      <input_file id="fl-da">
         <path>C:\ti\ccs1270\ccs\tools\compiler\ti-cgt-arm_20.2.7.LTS\lib\</path>
         <kind>archive</kind>
         <file>rtsv7M4_T_le_v4SPD16_eabi.lib</file>
         <name>_io_perm.c.obj</name>
      </input_file>
      <input_file id="fl-db">
         <path>C:\ti\ccs1270\ccs\tools\compiler\ti-cgt-arm_20.2.7.LTS\lib\</path>
         <kind>archive</kind>
         <file>rtsv7M4_T_le_v4SPD16_eabi.lib</file>
         <name>setvbuf.c.obj</name>
      </input_file>
      <input_file id="fl-dc">
         <path>C:\ti\ccs1270\ccs\tools\compiler\ti-cgt-arm_20.2.7.LTS\lib\</path>
         <kind>archive</kind>
         <file>rtsv7M4_T_le_v4SPD16_eabi.lib</file>
         <name>fd_add_t2.asm.obj</name>
      </input_file>
      <input_file id="fl-dd">
         <path>C:\ti\ccs1270\ccs\tools\compiler\ti-cgt-arm_20.2.7.LTS\lib\</path>
         <kind>archive</kind>
         <file>rtsv7M4_T_le_v4SPD16_eabi.lib</file>
         <name>fd_cmp_t2.asm.obj</name>
      </input_file>
      <input_file id="fl-de">
         <path>C:\ti\ccs1270\ccs\tools\compiler\ti-cgt-arm_20.2.7.LTS\lib\</path>
         <kind>archive</kind>
         <file>rtsv7M4_T_le_v4SPD16_eabi.lib</file>
         <name>fd_div_t2.asm.obj</name>
      </input_file>
      <input_file id="fl-df">
         <path>C:\ti\ccs1270\ccs\tools\compiler\ti-cgt-arm_20.2.7.LTS\lib\</path>
         <kind>archive</kind>
         <file>rtsv7M4_T_le_v4SPD16_eabi.lib</file>
         <name>fd_mul_t2.asm.obj</name>
      </input_file>
      <input_file id="fl-e0">
         <path>C:\ti\ccs1270\ccs\tools\compiler\ti-cgt-arm_20.2.7.LTS\lib\</path>
         <kind>archive</kind>
         <file>rtsv7M4_T_le_v4SPD16_eabi.lib</file>
         <name>fd_toi_t2.asm.obj</name>
      </input_file>
      <input_file id="fl-e1">
         <path>C:\ti\ccs1270\ccs\tools\compiler\ti-cgt-arm_20.2.7.LTS\lib\</path>
         <kind>archive</kind>
         <file>rtsv7M4_T_le_v4SPD16_eabi.lib</file>
         <name>fs_tod_t2.asm.obj</name>
      </input_file>
      <input_file id="fl-e2">
         <path>C:\ti\ccs1270\ccs\tools\compiler\ti-cgt-arm_20.2.7.LTS\lib\</path>
         <kind>archive</kind>
         <file>rtsv7M4_T_le_v4SPD16_eabi.lib</file>
         <name>i_tofd_t2.asm.obj</name>
      </input_file>
      <input_file id="fl-e3">
         <path>C:\ti\ccs1270\ccs\tools\compiler\ti-cgt-arm_20.2.7.LTS\lib\</path>
         <kind>archive</kind>
         <file>rtsv7M4_T_le_v4SPD16_eabi.lib</file>
         <name>memcpy_t2.asm.obj</name>
      </input_file>
      <input_file id="fl-e4">
         <path>C:\ti\ccs1270\ccs\tools\compiler\ti-cgt-arm_20.2.7.LTS\lib\</path>
         <kind>archive</kind>
         <file>rtsv7M4_T_le_v4SPD16_eabi.lib</file>
         <name>memset_t2.asm.obj</name>
      </input_file>
      <input_file id="fl-e5">
         <path>C:\ti\ccs1270\ccs\tools\compiler\ti-cgt-arm_20.2.7.LTS\lib\</path>
         <kind>archive</kind>
         <file>rtsv7M4_T_le_v4SPD16_eabi.lib</file>
         <name>ull_div_t2.asm.obj</name>
      </input_file>
      <input_file id="fl-e6">
         <path>C:\ti\ccs1270\ccs\tools\compiler\ti-cgt-arm_20.2.7.LTS\lib\</path>
         <kind>archive</kind>
         <file>rtsv7M4_T_le_v4SPD16_eabi.lib</file>
         <name>copy_zero_init.c.obj</name>
      </input_file>
      <input_file id="fl-e7">
         <path>C:\ti\ccs1270\ccs\tools\compiler\ti-cgt-arm_20.2.7.LTS\lib\</path>
         <kind>archive</kind>
         <file>rtsv7M4_T_le_v4SPD16_eabi.lib</file>
         <name>copy_decompress_none.c.obj</name>
      </input_file>
      <input_file id="fl-e8">
         <path>C:\ti\ccs1270\ccs\tools\compiler\ti-cgt-arm_20.2.7.LTS\lib\</path>
         <kind>archive</kind>
         <file>rtsv7M4_T_le_v4SPD16_eabi.lib</file>
         <name>copy_decompress_lzss.c.obj</name>
      </input_file>
      <input_file id="fl-e9">
         <path>C:\ti\ccs1270\ccs\tools\compiler\ti-cgt-arm_20.2.7.LTS\lib\</path>
         <kind>archive</kind>
         <file>rtsv7M4_T_le_v4SPD16_eabi.lib</file>
         <name>exit.c.obj</name>
      </input_file>
      <input_file id="fl-ea">
         <path>C:\ti\ccs1270\ccs\tools\compiler\ti-cgt-arm_20.2.7.LTS\lib\</path>
         <kind>archive</kind>
         <file>rtsv7M4_T_le_v4SPD16_eabi.lib</file>
         <name>_lock.c.obj</name>
      </input_file>
      <input_file id="fl-eb">
         <path>C:\ti\ccs1270\ccs\tools\compiler\ti-cgt-arm_20.2.7.LTS\lib\</path>
         <kind>archive</kind>
         <file>rtsv7M4_T_le_v4SPD16_eabi.lib</file>
         <name>_ltoa.c.obj</name>
      </input_file>
      <input_file id="fl-ec">
         <path>C:\ti\ccs1270\ccs\tools\compiler\ti-cgt-arm_20.2.7.LTS\lib\</path>
         <kind>archive</kind>
         <file>rtsv7M4_T_le_v4SPD16_eabi.lib</file>
         <name>atoi.c.obj</name>
      </input_file>
      <input_file id="fl-ed">
         <path>C:\ti\ccs1270\ccs\tools\compiler\ti-cgt-arm_20.2.7.LTS\lib\</path>
         <kind>archive</kind>
         <file>rtsv7M4_T_le_v4SPD16_eabi.lib</file>
         <name>ctype.c.obj</name>
      </input_file>
      <input_file id="fl-ee">
         <path>C:\ti\ccs1270\ccs\tools\compiler\ti-cgt-arm_20.2.7.LTS\lib\</path>
         <kind>archive</kind>
         <file>rtsv7M4_T_le_v4SPD16_eabi.lib</file>
         <name>defs.c.obj</name>
      </input_file>
      <input_file id="fl-ef">
         <path>C:\ti\ccs1270\ccs\tools\compiler\ti-cgt-arm_20.2.7.LTS\lib\</path>
         <kind>archive</kind>
         <file>rtsv7M4_T_le_v4SPD16_eabi.lib</file>
         <name>memccpy.c.obj</name>
      </input_file>
      <input_file id="fl-f0">
         <path>C:\ti\ccs1270\ccs\tools\compiler\ti-cgt-arm_20.2.7.LTS\lib\</path>
         <kind>archive</kind>
         <file>rtsv7M4_T_le_v4SPD16_eabi.lib</file>
         <name>memchr.c.obj</name>
      </input_file>
      <input_file id="fl-f1">
         <path>C:\ti\ccs1270\ccs\tools\compiler\ti-cgt-arm_20.2.7.LTS\lib\</path>
         <kind>archive</kind>
         <file>rtsv7M4_T_le_v4SPD16_eabi.lib</file>
         <name>memory.c.obj</name>
      </input_file>
      <input_file id="fl-f2">
         <path>C:\ti\ccs1270\ccs\tools\compiler\ti-cgt-arm_20.2.7.LTS\lib\</path>
         <kind>archive</kind>
         <file>rtsv7M4_T_le_v4SPD16_eabi.lib</file>
         <name>strchr.c.obj</name>
      </input_file>
      <input_file id="fl-f3">
         <path>C:\ti\ccs1270\ccs\tools\compiler\ti-cgt-arm_20.2.7.LTS\lib\</path>
         <kind>archive</kind>
         <file>rtsv7M4_T_le_v4SPD16_eabi.lib</file>
         <name>strlen.c.obj</name>
      </input_file>
      <input_file id="fl-f4">
         <path>C:\ti\ccs1270\ccs\tools\compiler\ti-cgt-arm_20.2.7.LTS\lib\</path>
         <kind>archive</kind>
         <file>rtsv7M4_T_le_v4SPD16_eabi.lib</file>
         <name>boot_cortex_m.c.obj</name>
      </input_file>
      <input_file id="fl-f5">
         <path>C:\ti\ccs1270\ccs\tools\compiler\ti-cgt-arm_20.2.7.LTS\lib\</path>
         <kind>archive</kind>
         <file>rtsv7M4_T_le_v4SPD16_eabi.lib</file>
         <name>write.c.obj</name>
      </input_file>
      <input_file id="fl-f6">
         <path>C:\ti\ccs1270\ccs\tools\compiler\ti-cgt-arm_20.2.7.LTS\lib\</path>
         <kind>archive</kind>
         <file>rtsv7M4_T_le_v4SPD16_eabi.lib</file>
         <name>host_device.c.obj</name>
      </input_file>
      <input_file id="fl-f7">
         <path>C:\ti\ccs1270\ccs\tools\compiler\ti-cgt-arm_20.2.7.LTS\lib\</path>
         <kind>archive</kind>
         <file>rtsv7M4_T_le_v4SPD16_eabi.lib</file>
         <name>open.c.obj</name>
      </input_file>
      <input_file id="fl-f8">
         <path>C:\ti\ccs1270\ccs\tools\compiler\ti-cgt-arm_20.2.7.LTS\lib\</path>
         <kind>archive</kind>
         <file>rtsv7M4_T_le_v4SPD16_eabi.lib</file>
         <name>add_device.c.obj</name>
      </input_file>
      <input_file id="fl-f9">
         <path>C:\ti\ccs1270\ccs\tools\compiler\ti-cgt-arm_20.2.7.LTS\lib\</path>
         <kind>archive</kind>
         <file>rtsv7M4_T_le_v4SPD16_eabi.lib</file>
         <name>errno.c.obj</name>
      </input_file>
      <input_file id="fl-fa">
         <path>C:\ti\ccs1270\ccs\tools\compiler\ti-cgt-arm_20.2.7.LTS\lib\</path>
         <kind>archive</kind>
         <file>rtsv7M4_T_le_v4SPD16_eabi.lib</file>
         <name>wcslen.c.obj</name>
      </input_file>
      <input_file id="fl-fb">
         <path>C:\ti\ccs1270\ccs\tools\compiler\ti-cgt-arm_20.2.7.LTS\lib\</path>
         <kind>archive</kind>
         <file>rtsv7M4_T_le_v4SPD16_eabi.lib</file>
         <name>s_frexp.c.obj</name>
      </input_file>
      <input_file id="fl-fc">
         <path>C:\ti\ccs1270\ccs\tools\compiler\ti-cgt-arm_20.2.7.LTS\lib\</path>
         <kind>archive</kind>
         <file>rtsv7M4_T_le_v4SPD16_eabi.lib</file>
         <name>s_scalbn.c.obj</name>
      </input_file>
      <input_file id="fl-fd">
         <path>C:\ti\ccs1270\ccs\tools\compiler\ti-cgt-arm_20.2.7.LTS\lib\</path>
         <kind>archive</kind>
         <file>rtsv7M4_T_le_v4SPD16_eabi.lib</file>
         <name>fclose.c.obj</name>
      </input_file>
      <input_file id="fl-fe">
         <path>C:\ti\ccs1270\ccs\tools\compiler\ti-cgt-arm_20.2.7.LTS\lib\</path>
         <kind>archive</kind>
         <file>rtsv7M4_T_le_v4SPD16_eabi.lib</file>
         <name>fflush.c.obj</name>
      </input_file>
      <input_file id="fl-ff">
         <path>C:\ti\ccs1270\ccs\tools\compiler\ti-cgt-arm_20.2.7.LTS\lib\</path>
         <kind>archive</kind>
         <file>rtsv7M4_T_le_v4SPD16_eabi.lib</file>
         <name>fseek.c.obj</name>
      </input_file>
      <input_file id="fl-100">
         <path>C:\ti\ccs1270\ccs\tools\compiler\ti-cgt-arm_20.2.7.LTS\lib\</path>
         <kind>archive</kind>
         <file>rtsv7M4_T_le_v4SPD16_eabi.lib</file>
         <name>getdevice.c.obj</name>
      </input_file>
      <input_file id="fl-101">
         <path>C:\ti\ccs1270\ccs\tools\compiler\ti-cgt-arm_20.2.7.LTS\lib\</path>
         <kind>archive</kind>
         <file>rtsv7M4_T_le_v4SPD16_eabi.lib</file>
         <name>div0.asm.obj</name>
      </input_file>
      <input_file id="fl-102">
         <path>C:\ti\ccs1270\ccs\tools\compiler\ti-cgt-arm_20.2.7.LTS\lib\</path>
         <kind>archive</kind>
         <file>rtsv7M4_T_le_v4SPD16_eabi.lib</file>
         <name>autoinit.c.obj</name>
      </input_file>
      <input_file id="fl-103">
         <path>C:\ti\ccs1270\ccs\tools\compiler\ti-cgt-arm_20.2.7.LTS\lib\</path>
         <kind>archive</kind>
         <file>rtsv7M4_T_le_v4SPD16_eabi.lib</file>
         <name>pre_init.c.obj</name>
      </input_file>
      <input_file id="fl-104">
         <path>C:\ti\ccs1270\ccs\tools\compiler\ti-cgt-arm_20.2.7.LTS\lib\</path>
         <kind>archive</kind>
         <file>rtsv7M4_T_le_v4SPD16_eabi.lib</file>
         <name>cpy_tbl.c.obj</name>
      </input_file>
      <input_file id="fl-105">
         <path>C:\ti\ccs1270\ccs\tools\compiler\ti-cgt-arm_20.2.7.LTS\lib\</path>
         <kind>archive</kind>
         <file>rtsv7M4_T_le_v4SPD16_eabi.lib</file>
         <name>args_main.c.obj</name>
      </input_file>
      <input_file id="fl-106">
         <path>C:\ti\ccs1270\ccs\tools\compiler\ti-cgt-arm_20.2.7.LTS\lib\</path>
         <kind>archive</kind>
         <file>rtsv7M4_T_le_v4SPD16_eabi.lib</file>
         <name>strcmp.c.obj</name>
      </input_file>
      <input_file id="fl-107">
         <path>C:\ti\ccs1270\ccs\tools\compiler\ti-cgt-arm_20.2.7.LTS\lib\</path>
         <kind>archive</kind>
         <file>rtsv7M4_T_le_v4SPD16_eabi.lib</file>
         <name>strncpy.c.obj</name>
      </input_file>
      <input_file id="fl-108">
         <path>C:\ti\ccs1270\ccs\tools\compiler\ti-cgt-arm_20.2.7.LTS\lib\</path>
         <kind>archive</kind>
         <file>rtsv7M4_T_le_v4SPD16_eabi.lib</file>
         <name>hostclose.c.obj</name>
      </input_file>
      <input_file id="fl-109">
         <path>C:\ti\ccs1270\ccs\tools\compiler\ti-cgt-arm_20.2.7.LTS\lib\</path>
         <kind>archive</kind>
         <file>rtsv7M4_T_le_v4SPD16_eabi.lib</file>
         <name>hostlseek.c.obj</name>
      </input_file>
      <input_file id="fl-10a">
         <path>C:\ti\ccs1270\ccs\tools\compiler\ti-cgt-arm_20.2.7.LTS\lib\</path>
         <kind>archive</kind>
         <file>rtsv7M4_T_le_v4SPD16_eabi.lib</file>
         <name>hostopen.c.obj</name>
      </input_file>
      <input_file id="fl-10b">
         <path>C:\ti\ccs1270\ccs\tools\compiler\ti-cgt-arm_20.2.7.LTS\lib\</path>
         <kind>archive</kind>
         <file>rtsv7M4_T_le_v4SPD16_eabi.lib</file>
         <name>hostread.c.obj</name>
      </input_file>
      <input_file id="fl-10c">
         <path>C:\ti\ccs1270\ccs\tools\compiler\ti-cgt-arm_20.2.7.LTS\lib\</path>
         <kind>archive</kind>
         <file>rtsv7M4_T_le_v4SPD16_eabi.lib</file>
         <name>hostrename.c.obj</name>
      </input_file>
      <input_file id="fl-10d">
         <path>C:\ti\ccs1270\ccs\tools\compiler\ti-cgt-arm_20.2.7.LTS\lib\</path>
         <kind>archive</kind>
         <file>rtsv7M4_T_le_v4SPD16_eabi.lib</file>
         <name>hostunlink.c.obj</name>
      </input_file>
      <input_file id="fl-10e">
         <path>C:\ti\ccs1270\ccs\tools\compiler\ti-cgt-arm_20.2.7.LTS\lib\</path>
         <kind>archive</kind>
         <file>rtsv7M4_T_le_v4SPD16_eabi.lib</file>
         <name>hostwrite.c.obj</name>
      </input_file>
      <input_file id="fl-10f">
         <path>C:\ti\ccs1270\ccs\tools\compiler\ti-cgt-arm_20.2.7.LTS\lib\</path>
         <kind>archive</kind>
         <file>rtsv7M4_T_le_v4SPD16_eabi.lib</file>
         <name>trgmsg.c.obj</name>
      </input_file>
      <input_file id="fl-110">
         <path>C:\ti\ccs1270\ccs\tools\compiler\ti-cgt-arm_20.2.7.LTS\lib\</path>
         <kind>archive</kind>
         <file>rtsv7M4_T_le_v4SPD16_eabi.lib</file>
         <name>remove.c.obj</name>
      </input_file>
      <input_file id="fl-111">
         <path>C:\ti\ccs1270\ccs\tools\compiler\ti-cgt-arm_20.2.7.LTS\lib\</path>
         <kind>archive</kind>
         <file>rtsv7M4_T_le_v4SPD16_eabi.lib</file>
         <name>lseek.c.obj</name>
      </input_file>
      <input_file id="fl-112">
         <path>C:\ti\ccs1270\ccs\tools\compiler\ti-cgt-arm_20.2.7.LTS\lib\</path>
         <kind>archive</kind>
         <file>rtsv7M4_T_le_v4SPD16_eabi.lib</file>
         <name>close.c.obj</name>
      </input_file>
      <input_file id="fl-113">
         <path>C:\ti\ccs1270\ccs\tools\compiler\ti-cgt-arm_20.2.7.LTS\lib\</path>
         <kind>archive</kind>
         <file>rtsv7M4_T_le_v4SPD16_eabi.lib</file>
         <name>s_copysign.c.obj</name>
      </input_file>
      <input_file id="fl-114">
         <path>C:\ti\ccs1270\ccs\tools\compiler\ti-cgt-arm_20.2.7.LTS\lib\</path>
         <kind>archive</kind>
         <file>rtsv7M4_T_le_v4SPD16_eabi.lib</file>
         <name>strcpy.c.obj</name>
      </input_file>
      <input_file id="fl-115">
         <path>C:\ti\ccs1270\ccs\tools\compiler\ti-cgt-arm_20.2.7.LTS\lib\</path>
         <kind>archive</kind>
         <file>rtsv7M4_T_le_v4SPD16_eabi.lib</file>
         <name>unlink.c.obj</name>
      </input_file>
   </input_file_list>
   <object_component_list>
      <object_component id="oc-26">
         <name>.intvecs:retain</name>
         <load_address>0x0</load_address>
         <run_address>0x0</run_address>
         <size>0xe4</size>
         <input_file_ref idref="fl-1a"/>
      </object_component>
      <object_component id="oc-1e5">
         <name>.text:__TI_printfi</name>
         <load_address>0xe4</load_address>
         <run_address>0xe4</run_address>
         <size>0xa4e</size>
         <input_file_ref idref="fl-d6"/>
      </object_component>
      <object_component id="oc-2b9">
         <name>.text:_nop</name>
         <load_address>0xb32</load_address>
         <run_address>0xb32</run_address>
         <size>0x2</size>
         <input_file_ref idref="fl-ea"/>
      </object_component>
      <object_component id="oc-70">
         <name>.text</name>
         <load_address>0xb34</load_address>
         <run_address>0xb34</run_address>
         <size>0x5e4</size>
         <input_file_ref idref="fl-c"/>
      </object_component>
      <object_component id="oc-8e">
         <name>.text</name>
         <load_address>0x1118</load_address>
         <run_address>0x1118</run_address>
         <size>0x4d8</size>
         <input_file_ref idref="fl-10"/>
      </object_component>
      <object_component id="oc-10a">
         <name>.text</name>
         <load_address>0x15f0</load_address>
         <run_address>0x15f0</run_address>
         <size>0x474</size>
         <input_file_ref idref="fl-6"/>
      </object_component>
      <object_component id="oc-ca">
         <name>.text</name>
         <load_address>0x1a64</load_address>
         <run_address>0x1a64</run_address>
         <size>0x32c</size>
         <input_file_ref idref="fl-1b"/>
      </object_component>
      <object_component id="oc-d1">
         <name>.text</name>
         <load_address>0x1d90</load_address>
         <run_address>0x1d90</run_address>
         <size>0x324</size>
         <input_file_ref idref="fl-a"/>
      </object_component>
      <object_component id="oc-295">
         <name>.text:_pconv_a</name>
         <load_address>0x20b4</load_address>
         <run_address>0x20b4</run_address>
         <size>0x270</size>
         <input_file_ref idref="fl-d6"/>
      </object_component>
      <object_component id="oc-136">
         <name>.text</name>
         <load_address>0x2324</load_address>
         <run_address>0x2324</run_address>
         <size>0x228</size>
         <input_file_ref idref="fl-9"/>
      </object_component>
      <object_component id="oc-dd">
         <name>.text</name>
         <load_address>0x254c</load_address>
         <run_address>0x254c</run_address>
         <size>0x1e8</size>
         <input_file_ref idref="fl-12"/>
      </object_component>
      <object_component id="oc-104">
         <name>.text</name>
         <load_address>0x2734</load_address>
         <run_address>0x2734</run_address>
         <size>0x1e0</size>
         <input_file_ref idref="fl-4"/>
      </object_component>
      <object_component id="oc-283">
         <name>.text:_pconv_g</name>
         <load_address>0x2914</load_address>
         <run_address>0x2914</run_address>
         <size>0x1d0</size>
         <input_file_ref idref="fl-d6"/>
      </object_component>
      <object_component id="oc-36d">
         <name>.text</name>
         <load_address>0x2ae4</load_address>
         <run_address>0x2ae4</run_address>
         <size>0x1b6</size>
         <input_file_ref idref="fl-dc"/>
      </object_component>
      <object_component id="oc-463">
         <name>.text</name>
         <load_address>0x2c9a</load_address>
         <run_address>0x2c9a</run_address>
         <size>0x2</size>
         <input_file_ref idref="fl-101"/>
      </object_component>
      <object_component id="oc-d7">
         <name>.text</name>
         <load_address>0x2c9c</load_address>
         <run_address>0x2c9c</run_address>
         <size>0x190</size>
         <input_file_ref idref="fl-d"/>
      </object_component>
      <object_component id="oc-ed">
         <name>.text</name>
         <load_address>0x2e2c</load_address>
         <run_address>0x2e2c</run_address>
         <size>0x13c</size>
         <input_file_ref idref="fl-14"/>
      </object_component>
      <object_component id="oc-28f">
         <name>.text:_pconv_e</name>
         <load_address>0x2f68</load_address>
         <run_address>0x2f68</run_address>
         <size>0x13c</size>
         <input_file_ref idref="fl-d6"/>
      </object_component>
      <object_component id="oc-353">
         <name>.text</name>
         <load_address>0x30a4</load_address>
         <run_address>0x30a4</run_address>
         <size>0x136</size>
         <input_file_ref idref="fl-de"/>
      </object_component>
      <object_component id="oc-37f">
         <name>.text:fcvt</name>
         <load_address>0x31dc</load_address>
         <run_address>0x31dc</run_address>
         <size>0x124</size>
         <input_file_ref idref="fl-d6"/>
      </object_component>
      <object_component id="oc-2c7">
         <name>.text:fputs</name>
         <load_address>0x3300</load_address>
         <run_address>0x3300</run_address>
         <size>0x114</size>
         <input_file_ref idref="fl-d9"/>
      </object_component>
      <object_component id="oc-2f0">
         <name>.text:_openfile</name>
         <load_address>0x3414</load_address>
         <run_address>0x3414</run_address>
         <size>0x110</size>
         <input_file_ref idref="fl-d7"/>
      </object_component>
      <object_component id="oc-393">
         <name>.text:scalbn</name>
         <load_address>0x3524</load_address>
         <run_address>0x3524</run_address>
         <size>0x110</size>
         <input_file_ref idref="fl-fc"/>
      </object_component>
      <object_component id="oc-445">
         <name>.text:aligned_alloc</name>
         <load_address>0x3634</load_address>
         <run_address>0x3634</run_address>
         <size>0x100</size>
         <input_file_ref idref="fl-f1"/>
      </object_component>
      <object_component id="oc-34e">
         <name>.text</name>
         <load_address>0x3734</load_address>
         <run_address>0x3734</run_address>
         <size>0xfc</size>
         <input_file_ref idref="fl-df"/>
      </object_component>
      <object_component id="oc-82">
         <name>.text</name>
         <load_address>0x3830</load_address>
         <run_address>0x3830</run_address>
         <size>0xf8</size>
         <input_file_ref idref="fl-19"/>
      </object_component>
      <object_component id="oc-88">
         <name>.text</name>
         <load_address>0x3928</load_address>
         <run_address>0x3928</run_address>
         <size>0xe8</size>
         <input_file_ref idref="fl-3"/>
      </object_component>
      <object_component id="oc-1b1">
         <name>.text</name>
         <load_address>0x3a10</load_address>
         <run_address>0x3a10</run_address>
         <size>0xe8</size>
         <input_file_ref idref="fl-15"/>
      </object_component>
      <object_component id="oc-303">
         <name>.text:free</name>
         <load_address>0x3af8</load_address>
         <run_address>0x3af8</run_address>
         <size>0xe4</size>
         <input_file_ref idref="fl-f1"/>
      </object_component>
      <object_component id="oc-21b">
         <name>.text:setvbuf</name>
         <load_address>0x3bdc</load_address>
         <run_address>0x3bdc</run_address>
         <size>0xdc</size>
         <input_file_ref idref="fl-db"/>
      </object_component>
      <object_component id="oc-41e">
         <name>.text:open</name>
         <load_address>0x3cb8</load_address>
         <run_address>0x3cb8</run_address>
         <size>0xbc</size>
         <input_file_ref idref="fl-f7"/>
      </object_component>
      <object_component id="oc-7c">
         <name>.text</name>
         <load_address>0x3d74</load_address>
         <run_address>0x3d74</run_address>
         <size>0xb8</size>
         <input_file_ref idref="fl-17"/>
      </object_component>
      <object_component id="oc-209">
         <name>.text:add_device</name>
         <load_address>0x3e2c</load_address>
         <run_address>0x3e2c</run_address>
         <size>0xb8</size>
         <input_file_ref idref="fl-f8"/>
      </object_component>
      <object_component id="oc-278">
         <name>.text:_ltostr</name>
         <load_address>0x3ee4</load_address>
         <run_address>0x3ee4</run_address>
         <size>0xb1</size>
         <input_file_ref idref="fl-d6"/>
      </object_component>
      <object_component id="oc-76">
         <name>.text</name>
         <load_address>0x3f98</load_address>
         <run_address>0x3f98</run_address>
         <size>0xb0</size>
         <input_file_ref idref="fl-16"/>
      </object_component>
      <object_component id="oc-20f">
         <name>.text:fopen</name>
         <load_address>0x4048</load_address>
         <run_address>0x4048</run_address>
         <size>0x9c</size>
         <input_file_ref idref="fl-d7"/>
      </object_component>
      <object_component id="oc-3a">
         <name>.text</name>
         <load_address>0x40e4</load_address>
         <run_address>0x40e4</run_address>
         <size>0x9c</size>
         <input_file_ref idref="fl-e3"/>
      </object_component>
      <object_component id="oc-347">
         <name>.text</name>
         <load_address>0x4180</load_address>
         <run_address>0x4180</run_address>
         <size>0x96</size>
         <input_file_ref idref="fl-e5"/>
      </object_component>
      <object_component id="oc-2ce">
         <name>.text:fputc</name>
         <load_address>0x4218</load_address>
         <run_address>0x4218</run_address>
         <size>0x8c</size>
         <input_file_ref idref="fl-d8"/>
      </object_component>
      <object_component id="oc-27e">
         <name>.text:__aeabi_cdcmple</name>
         <load_address>0x42a4</load_address>
         <run_address>0x42a4</run_address>
         <size>0x86</size>
         <input_file_ref idref="fl-dd"/>
      </object_component>
      <object_component id="oc-358">
         <name>.text:__aeabi_cdrcmple</name>
         <load_address>0x432a</load_address>
         <run_address>0x432a</run_address>
         <size>0x86</size>
         <input_file_ref idref="fl-dd"/>
      </object_component>
      <object_component id="oc-b2">
         <name>.text</name>
         <load_address>0x43b0</load_address>
         <run_address>0x43b0</run_address>
         <size>0x7a</size>
         <input_file_ref idref="fl-e4"/>
      </object_component>
      <object_component id="oc-2fc">
         <name>.text:__TI_closefile</name>
         <load_address>0x442c</load_address>
         <run_address>0x442c</run_address>
         <size>0x74</size>
         <input_file_ref idref="fl-fd"/>
      </object_component>
      <object_component id="oc-4ef">
         <name>.text:split</name>
         <load_address>0x44a0</load_address>
         <run_address>0x44a0</run_address>
         <size>0x70</size>
         <input_file_ref idref="fl-f1"/>
      </object_component>
      <object_component id="oc-378">
         <name>.text:_mcpy</name>
         <load_address>0x4510</load_address>
         <run_address>0x4510</run_address>
         <size>0x6e</size>
         <input_file_ref idref="fl-d6"/>
      </object_component>
      <object_component id="oc-40e">
         <name>.text:HOSTrename</name>
         <load_address>0x4580</load_address>
         <run_address>0x4580</run_address>
         <size>0x6c</size>
         <input_file_ref idref="fl-10c"/>
      </object_component>
      <object_component id="oc-402">
         <name>.text:HOSTlseek</name>
         <load_address>0x45ec</load_address>
         <run_address>0x45ec</run_address>
         <size>0x68</size>
         <input_file_ref idref="fl-109"/>
      </object_component>
      <object_component id="oc-17">
         <name>.text:decompress:lzss:__TI_decompress_lzss</name>
         <load_address>0x4654</load_address>
         <run_address>0x4654</run_address>
         <size>0x68</size>
         <input_file_ref idref="fl-e8"/>
      </object_component>
      <object_component id="oc-f8">
         <name>.text:printf</name>
         <load_address>0x46bc</load_address>
         <run_address>0x46bc</run_address>
         <size>0x68</size>
         <input_file_ref idref="fl-d5"/>
      </object_component>
      <object_component id="oc-38d">
         <name>.text:frexp</name>
         <load_address>0x4724</load_address>
         <run_address>0x4724</run_address>
         <size>0x64</size>
         <input_file_ref idref="fl-fb"/>
      </object_component>
      <object_component id="oc-498">
         <name>.text:fseek</name>
         <load_address>0x4788</load_address>
         <run_address>0x4788</run_address>
         <size>0x64</size>
         <input_file_ref idref="fl-ff"/>
      </object_component>
      <object_component id="oc-3c4">
         <name>.text:__TI_wrt_ok</name>
         <load_address>0x47ec</load_address>
         <run_address>0x47ec</run_address>
         <size>0x62</size>
         <input_file_ref idref="fl-da"/>
      </object_component>
      <object_component id="oc-3ea">
         <name>.text:HOSTopen</name>
         <load_address>0x4850</load_address>
         <run_address>0x4850</run_address>
         <size>0x60</size>
         <input_file_ref idref="fl-10a"/>
      </object_component>
      <object_component id="oc-429">
         <name>.text:close</name>
         <load_address>0x48b0</load_address>
         <run_address>0x48b0</run_address>
         <size>0x5c</size>
         <input_file_ref idref="fl-112"/>
      </object_component>
      <object_component id="oc-3f6">
         <name>.text:HOSTread</name>
         <load_address>0x490c</load_address>
         <run_address>0x490c</run_address>
         <size>0x58</size>
         <input_file_ref idref="fl-10b"/>
      </object_component>
      <object_component id="oc-3fc">
         <name>.text:HOSTwrite</name>
         <load_address>0x4964</load_address>
         <run_address>0x4964</run_address>
         <size>0x58</size>
         <input_file_ref idref="fl-10e"/>
      </object_component>
      <object_component id="oc-289">
         <name>.text:_pconv_f</name>
         <load_address>0x49bc</load_address>
         <run_address>0x49bc</run_address>
         <size>0x56</size>
         <input_file_ref idref="fl-d6"/>
      </object_component>
      <object_component id="oc-362">
         <name>.text:__TI_ltoa</name>
         <load_address>0x4a12</load_address>
         <run_address>0x4a12</run_address>
         <size>0x54</size>
         <input_file_ref idref="fl-eb"/>
      </object_component>
      <object_component id="oc-372">
         <name>.text:_ecpy</name>
         <load_address>0x4a66</load_address>
         <run_address>0x4a66</run_address>
         <size>0x52</size>
         <input_file_ref idref="fl-d6"/>
      </object_component>
      <object_component id="oc-3d0">
         <name>.text:__TI_doflush</name>
         <load_address>0x4ab8</load_address>
         <run_address>0x4ab8</run_address>
         <size>0x4c</size>
         <input_file_ref idref="fl-fe"/>
      </object_component>
      <object_component id="oc-272">
         <name>.text:atoi</name>
         <load_address>0x4b04</load_address>
         <run_address>0x4b04</run_address>
         <size>0x4c</size>
         <input_file_ref idref="fl-ec"/>
      </object_component>
      <object_component id="oc-174">
         <name>.text:exit</name>
         <load_address>0x4b50</load_address>
         <run_address>0x4b50</run_address>
         <size>0x48</size>
         <input_file_ref idref="fl-e9"/>
      </object_component>
      <object_component id="oc-35d">
         <name>.text</name>
         <load_address>0x4b98</load_address>
         <run_address>0x4b98</run_address>
         <size>0x48</size>
         <input_file_ref idref="fl-e0"/>
      </object_component>
      <object_component id="oc-3f0">
         <name>.text:HOSTclose</name>
         <load_address>0x4be0</load_address>
         <run_address>0x4be0</run_address>
         <size>0x44</size>
         <input_file_ref idref="fl-108"/>
      </object_component>
      <object_component id="oc-408">
         <name>.text:HOSTunlink</name>
         <load_address>0x4c24</load_address>
         <run_address>0x4c24</run_address>
         <size>0x44</size>
         <input_file_ref idref="fl-10d"/>
      </object_component>
      <object_component id="oc-17a">
         <name>.text:__TI_auto_init_nobinit_nopinit:__TI_auto_init_nobinit_nopinit</name>
         <load_address>0x4c68</load_address>
         <run_address>0x4c68</run_address>
         <size>0x44</size>
         <input_file_ref idref="fl-102"/>
      </object_component>
      <object_component id="oc-4db">
         <name>.text:getdevice</name>
         <load_address>0x4cac</load_address>
         <run_address>0x4cac</run_address>
         <size>0x44</size>
         <input_file_ref idref="fl-100"/>
      </object_component>
      <object_component id="oc-110">
         <name>.text</name>
         <load_address>0x4cf0</load_address>
         <run_address>0x4cf0</run_address>
         <size>0x40</size>
         <input_file_ref idref="fl-13"/>
      </object_component>
      <object_component id="oc-385">
         <name>.text:_fcpy</name>
         <load_address>0x4d30</load_address>
         <run_address>0x4d30</run_address>
         <size>0x3e</size>
         <input_file_ref idref="fl-d6"/>
      </object_component>
      <object_component id="oc-4b2">
         <name>.text:__TI_writemsg</name>
         <load_address>0x4d70</load_address>
         <run_address>0x4d70</run_address>
         <size>0x38</size>
         <input_file_ref idref="fl-10f"/>
      </object_component>
      <object_component id="oc-f3">
         <name>.text</name>
         <load_address>0x4da8</load_address>
         <run_address>0x4da8</run_address>
         <size>0x38</size>
         <input_file_ref idref="fl-e1"/>
      </object_component>
      <object_component id="oc-2e4">
         <name>.text:strncpy</name>
         <load_address>0x4de0</load_address>
         <run_address>0x4de0</run_address>
         <size>0x36</size>
         <input_file_ref idref="fl-107"/>
      </object_component>
      <object_component id="oc-30f">
         <name>.text:__TI_cleanup</name>
         <load_address>0x4e18</load_address>
         <run_address>0x4e18</run_address>
         <size>0x34</size>
         <input_file_ref idref="fl-d7"/>
      </object_component>
      <object_component id="oc-4b8">
         <name>.text:__TI_readmsg</name>
         <load_address>0x4e4c</load_address>
         <run_address>0x4e4c</run_address>
         <size>0x34</size>
         <input_file_ref idref="fl-10f"/>
      </object_component>
      <object_component id="oc-58">
         <name>.text:_c_int00_noargs:_c_int00_noargs</name>
         <load_address>0x4e80</load_address>
         <run_address>0x4e80</run_address>
         <size>0x34</size>
         <input_file_ref idref="fl-f4"/>
      </object_component>
      <object_component id="oc-215">
         <name>.text:freopen</name>
         <load_address>0x4eb4</load_address>
         <run_address>0x4eb4</run_address>
         <size>0x34</size>
         <input_file_ref idref="fl-d7"/>
      </object_component>
      <object_component id="oc-2de">
         <name>.text:finddevice</name>
         <load_address>0x4ee8</load_address>
         <run_address>0x4ee8</run_address>
         <size>0x30</size>
         <input_file_ref idref="fl-100"/>
      </object_component>
      <object_component id="oc-368">
         <name>.text</name>
         <load_address>0x4f18</load_address>
         <run_address>0x4f18</run_address>
         <size>0x2e</size>
         <input_file_ref idref="fl-e2"/>
      </object_component>
      <object_component id="oc-42f">
         <name>.text:unlink</name>
         <load_address>0x4f48</load_address>
         <run_address>0x4f48</run_address>
         <size>0x2c</size>
         <input_file_ref idref="fl-115"/>
      </object_component>
      <object_component id="oc-43e">
         <name>.text:free_list_insert</name>
         <load_address>0x4f74</load_address>
         <run_address>0x4f74</run_address>
         <size>0x28</size>
         <input_file_ref idref="fl-f1"/>
      </object_component>
      <object_component id="oc-509">
         <name>.text:lseek</name>
         <load_address>0x4f9c</load_address>
         <run_address>0x4f9c</run_address>
         <size>0x28</size>
         <input_file_ref idref="fl-111"/>
      </object_component>
      <object_component id="oc-3d6">
         <name>.text:write</name>
         <load_address>0x4fc4</load_address>
         <run_address>0x4fc4</run_address>
         <size>0x28</size>
         <input_file_ref idref="fl-f5"/>
      </object_component>
      <object_component id="oc-fe">
         <name>.text</name>
         <load_address>0x4fec</load_address>
         <run_address>0x4fec</run_address>
         <size>0x24</size>
         <input_file_ref idref="fl-5"/>
      </object_component>
      <object_component id="oc-3ca">
         <name>.text:memchr</name>
         <load_address>0x5010</load_address>
         <run_address>0x5010</run_address>
         <size>0x20</size>
         <input_file_ref idref="fl-f0"/>
      </object_component>
      <object_component id="oc-46">
         <name>.text:decompress:ZI:__TI_zero_init_nomemset:__TI_zero_init_nomemset</name>
         <load_address>0x5030</load_address>
         <run_address>0x5030</run_address>
         <size>0x1c</size>
         <input_file_ref idref="fl-e6"/>
      </object_component>
      <object_component id="oc-438">
         <name>.text:free_list_remove</name>
         <load_address>0x504c</load_address>
         <run_address>0x504c</run_address>
         <size>0x1c</size>
         <input_file_ref idref="fl-f1"/>
      </object_component>
      <object_component id="oc-29b">
         <name>.text:memccpy</name>
         <load_address>0x5068</load_address>
         <run_address>0x5068</run_address>
         <size>0x1c</size>
         <input_file_ref idref="fl-ef"/>
      </object_component>
      <object_component id="oc-47c">
         <name>.text:copysign</name>
         <load_address>0x5084</load_address>
         <run_address>0x5084</run_address>
         <size>0x1a</size>
         <input_file_ref idref="fl-113"/>
      </object_component>
      <object_component id="oc-3e0">
         <name>.text:strcmp</name>
         <load_address>0x509e</load_address>
         <run_address>0x509e</run_address>
         <size>0x18</size>
         <input_file_ref idref="fl-106"/>
      </object_component>
      <object_component id="oc-399">
         <name>.text:strchr</name>
         <load_address>0x50b6</load_address>
         <run_address>0x50b6</run_address>
         <size>0x16</size>
         <input_file_ref idref="fl-f2"/>
      </object_component>
      <object_component id="oc-4cc">
         <name>.text:strcpy</name>
         <load_address>0x50cc</load_address>
         <run_address>0x50cc</run_address>
         <size>0x14</size>
         <input_file_ref idref="fl-114"/>
      </object_component>
      <object_component id="oc-26c">
         <name>.text:strlen</name>
         <load_address>0x50e0</load_address>
         <run_address>0x50e0</run_address>
         <size>0x14</size>
         <input_file_ref idref="fl-f3"/>
      </object_component>
      <object_component id="oc-2a1">
         <name>.text:wcslen</name>
         <load_address>0x50f4</load_address>
         <run_address>0x50f4</run_address>
         <size>0x12</size>
         <input_file_ref idref="fl-fa"/>
      </object_component>
      <object_component id="oc-1d">
         <name>.text:decompress:none:__TI_decompress_none</name>
         <load_address>0x5106</load_address>
         <run_address>0x5106</run_address>
         <size>0xe</size>
         <input_file_ref idref="fl-e7"/>
      </object_component>
      <object_component id="oc-6a">
         <name>.text</name>
         <load_address>0x5114</load_address>
         <run_address>0x5114</run_address>
         <size>0xe</size>
         <input_file_ref idref="fl-1a"/>
      </object_component>
      <object_component id="oc-2a7">
         <name>.text:__aeabi_errno_addr</name>
         <load_address>0x5124</load_address>
         <run_address>0x5124</run_address>
         <size>0x8</size>
         <input_file_ref idref="fl-f9"/>
      </object_component>
      <object_component id="oc-309">
         <name>.text:malloc</name>
         <load_address>0x512c</load_address>
         <run_address>0x512c</run_address>
         <size>0x8</size>
         <input_file_ref idref="fl-f1"/>
      </object_component>
      <object_component id="oc-1f7">
         <name>.text:_outc</name>
         <load_address>0x5134</load_address>
         <run_address>0x5134</run_address>
         <size>0x4</size>
         <input_file_ref idref="fl-d5"/>
      </object_component>
      <object_component id="oc-1f1">
         <name>.text:_outs</name>
         <load_address>0x5138</load_address>
         <run_address>0x5138</run_address>
         <size>0x4</size>
         <input_file_ref idref="fl-d5"/>
      </object_component>
      <object_component id="oc-b8">
         <name>.text:_system_pre_init</name>
         <load_address>0x513c</load_address>
         <run_address>0x513c</run_address>
         <size>0x4</size>
         <input_file_ref idref="fl-103"/>
      </object_component>
      <object_component id="oc-16e">
         <name>.text:abort:abort</name>
         <load_address>0x5140</load_address>
         <run_address>0x5140</run_address>
         <size>0x4</size>
         <input_file_ref idref="fl-e9"/>
      </object_component>
      <object_component id="oc-342">
         <name>.const:.string:_ctypes_</name>
         <load_address>0x5144</load_address>
         <run_address>0x5144</run_address>
         <size>0x101</size>
         <input_file_ref idref="fl-ed"/>
      </object_component>
      <object_component id="oc-1b8">
         <name>.const:Mask</name>
         <load_address>0x5248</load_address>
         <run_address>0x5248</run_address>
         <size>0x20</size>
         <input_file_ref idref="fl-12"/>
      </object_component>
      <object_component id="oc-1bb">
         <name>.const:Weight</name>
         <load_address>0x5268</load_address>
         <run_address>0x5268</run_address>
         <size>0x20</size>
         <input_file_ref idref="fl-12"/>
      </object_component>
      <object_component id="oc-e3">
         <name>.const</name>
         <load_address>0x5288</load_address>
         <run_address>0x5288</run_address>
         <size>0xe</size>
         <input_file_ref idref="fl-a"/>
      </object_component>
      <object_component id="oc-578">
         <name>.cinit..data.load</name>
         <load_address>0x5298</load_address>
         <run_address>0x5298</run_address>
         <size>0x8a</size>
      </object_component>
      <object_component id="oc-576">
         <name>__TI_handler_table</name>
         <load_address>0x5324</load_address>
         <run_address>0x5324</run_address>
         <size>0xc</size>
      </object_component>
      <object_component id="oc-579">
         <name>.cinit..bss.load</name>
         <load_address>0x5330</load_address>
         <run_address>0x5330</run_address>
         <size>0x8</size>
      </object_component>
      <object_component id="oc-577">
         <name>__TI_cinit_table</name>
         <load_address>0x5338</load_address>
         <run_address>0x5338</run_address>
         <size>0x10</size>
      </object_component>
      <object_component id="oc-54a">
         <name>.binit</name>
         <load_address>0x0</load_address>
         <run_address>0x0</run_address>
         <size>0x0</size>
      </object_component>
      <object_component id="oc-205">
         <name>.data</name>
         <load_address>0x200005ec</load_address>
         <run_address>0x200005ec</run_address>
         <size>0x18</size>
         <input_file_ref idref="fl-4"/>
      </object_component>
      <object_component id="oc-e6">
         <name>.data</name>
         <load_address>0x200005b8</load_address>
         <run_address>0x200005b8</run_address>
         <size>0x34</size>
         <input_file_ref idref="fl-c"/>
      </object_component>
      <object_component id="oc-1de">
         <name>.data</name>
         <load_address>0x20000620</load_address>
         <run_address>0x20000620</run_address>
         <size>0xa</size>
         <input_file_ref idref="fl-14"/>
      </object_component>
      <object_component id="oc-12d">
         <name>.data</name>
         <load_address>0x2000063c</load_address>
         <run_address>0x2000063c</run_address>
         <size>0x8</size>
         <input_file_ref idref="fl-19"/>
      </object_component>
      <object_component id="oc-1ac">
         <name>.data</name>
         <load_address>0x20000654</load_address>
         <run_address>0x20000654</run_address>
         <size>0x4</size>
         <input_file_ref idref="fl-1b"/>
      </object_component>
      <object_component id="oc-2f6">
         <name>.data</name>
         <load_address>0x2000064c</load_address>
         <run_address>0x2000064c</run_address>
         <size>0x4</size>
         <input_file_ref idref="fl-d7"/>
      </object_component>
      <object_component id="oc-242">
         <name>.data:$O1$$</name>
         <load_address>0x20000614</load_address>
         <run_address>0x20000614</run_address>
         <size>0xc</size>
         <input_file_ref idref="fl-e9"/>
      </object_component>
      <object_component id="oc-1eb">
         <name>.data:$O1$$</name>
         <load_address>0x2000062c</load_address>
         <run_address>0x2000062c</run_address>
         <size>0x8</size>
         <input_file_ref idref="fl-ea"/>
      </object_component>
      <object_component id="oc-1ee">
         <name>.data:_ftable</name>
         <load_address>0x20000400</load_address>
         <run_address>0x20000400</run_address>
         <size>0xf0</size>
         <input_file_ref idref="fl-ee"/>
      </object_component>
      <object_component id="oc-2f7">
         <name>.data</name>
         <load_address>0x20000604</load_address>
         <run_address>0x20000604</run_address>
         <size>0x10</size>
         <input_file_ref idref="fl-ee"/>
      </object_component>
      <object_component id="oc-4ea">
         <name>.data:$O1$$</name>
         <load_address>0x20000634</load_address>
         <run_address>0x20000634</run_address>
         <size>0x8</size>
         <input_file_ref idref="fl-f1"/>
      </object_component>
      <object_component id="oc-2eb">
         <name>.data:_device</name>
         <load_address>0x200004f0</load_address>
         <run_address>0x200004f0</run_address>
         <size>0x78</size>
         <input_file_ref idref="fl-f6"/>
      </object_component>
      <object_component id="oc-4a3">
         <name>.data:_stream</name>
         <load_address>0x20000568</load_address>
         <run_address>0x20000568</run_address>
         <size>0x50</size>
         <input_file_ref idref="fl-f6"/>
      </object_component>
      <object_component id="oc-4e1">
         <name>.data</name>
         <load_address>0x20000650</load_address>
         <run_address>0x20000650</run_address>
         <size>0x4</size>
         <input_file_ref idref="fl-f7"/>
      </object_component>
      <object_component id="oc-2ea">
         <name>.data</name>
         <load_address>0x20000644</load_address>
         <run_address>0x20000644</run_address>
         <size>0x4</size>
         <input_file_ref idref="fl-f8"/>
      </object_component>
      <object_component id="oc-3a9">
         <name>.data</name>
         <load_address>0x20000648</load_address>
         <run_address>0x20000648</run_address>
         <size>0x4</size>
         <input_file_ref idref="fl-f9"/>
      </object_component>
      <object_component id="oc-13c">
         <name>.bss</name>
         <uninitialized>true</uninitialized>
         <run_address>0x20000824</run_address>
         <size>0x8</size>
         <input_file_ref idref="fl-10"/>
      </object_component>
      <object_component id="oc-51b">
         <name>.bss:_CIOBUF_</name>
         <uninitialized>true</uninitialized>
         <run_address>0x20000658</run_address>
         <size>0x120</size>
         <input_file_ref idref="fl-10f"/>
      </object_component>
      <object_component id="oc-132">
         <name>.common:Bumper_Task</name>
         <uninitialized>true</uninitialized>
         <run_address>0x20000834</run_address>
         <size>0x4</size>
      </object_component>
      <object_component id="oc-125">
         <name>.common:Timer_A1_Task</name>
         <uninitialized>true</uninitialized>
         <run_address>0x20000848</run_address>
         <size>0x4</size>
      </object_component>
      <object_component id="oc-11d">
         <name>.common:Duty_Cycle_Left</name>
         <uninitialized>true</uninitialized>
         <run_address>0x2000085c</run_address>
         <size>0x2</size>
      </object_component>
      <object_component id="oc-11e">
         <name>.common:Duty_Cycle_Right</name>
         <uninitialized>true</uninitialized>
         <run_address>0x2000085e</run_address>
         <size>0x2</size>
      </object_component>
      <object_component id="oc-e9">
         <name>.common:Line_Sensor_Data</name>
         <uninitialized>true</uninitialized>
         <run_address>0x2000086c</run_address>
         <size>0x1</size>
      </object_component>
      <object_component id="oc-ec">
         <name>.common:Line_Sensor_Position</name>
         <uninitialized>true</uninitialized>
         <run_address>0x20000838</run_address>
         <size>0x4</size>
      </object_component>
      <object_component id="oc-11a">
         <name>.common:left_tach</name>
         <uninitialized>true</uninitialized>
         <run_address>0x20000868</run_address>
         <size>0x2</size>
      </object_component>
      <object_component id="oc-11c">
         <name>.common:right_tach</name>
         <uninitialized>true</uninitialized>
         <run_address>0x2000086a</run_address>
         <size>0x2</size>
      </object_component>
      <object_component id="oc-11b">
         <name>.common:left_steps</name>
         <uninitialized>true</uninitialized>
         <run_address>0x20000854</run_address>
         <size>0x4</size>
      </object_component>
      <object_component id="oc-119">
         <name>.common:right_steps</name>
         <uninitialized>true</uninitialized>
         <run_address>0x20000858</run_address>
         <size>0x4</size>
      </object_component>
      <object_component id="oc-116">
         <name>.common:isIntersectionIgnore</name>
         <uninitialized>true</uninitialized>
         <run_address>0x20000850</run_address>
         <size>0x4</size>
      </object_component>
      <object_component id="oc-13f">
         <name>.common:ChannelCount</name>
         <uninitialized>true</uninitialized>
         <run_address>0x20000818</run_address>
         <size>0xc</size>
      </object_component>
      <object_component id="oc-142">
         <name>.common:PTxChan</name>
         <uninitialized>true</uninitialized>
         <run_address>0x2000083c</run_address>
         <size>0x4</size>
      </object_component>
      <object_component id="oc-143">
         <name>.common:Pdistances</name>
         <uninitialized>true</uninitialized>
         <run_address>0x20000844</run_address>
         <size>0x4</size>
      </object_component>
      <object_component id="oc-144">
         <name>.common:Pamplitudes</name>
         <uninitialized>true</uninitialized>
         <run_address>0x20000840</run_address>
         <size>0x4</size>
      </object_component>
      <object_component id="oc-1da">
         <name>.common:Tachometer_FirstRightTime</name>
         <uninitialized>true</uninitialized>
         <run_address>0x20000862</run_address>
         <size>0x2</size>
      </object_component>
      <object_component id="oc-1dd">
         <name>.common:Tachometer_SecondRightTime</name>
         <uninitialized>true</uninitialized>
         <run_address>0x20000866</run_address>
         <size>0x2</size>
      </object_component>
      <object_component id="oc-1e1">
         <name>.common:Tachometer_FirstLeftTime</name>
         <uninitialized>true</uninitialized>
         <run_address>0x20000860</run_address>
         <size>0x2</size>
      </object_component>
      <object_component id="oc-1e2">
         <name>.common:Tachometer_SecondLeftTime</name>
         <uninitialized>true</uninitialized>
         <run_address>0x20000864</run_address>
         <size>0x2</size>
      </object_component>
      <object_component id="oc-129">
         <name>.common:Timer_A2_Capture_Task_1</name>
         <uninitialized>true</uninitialized>
         <run_address>0x2000084c</run_address>
         <size>0x4</size>
      </object_component>
      <object_component id="oc-435">
         <name>.common:__TI_tmpnams</name>
         <uninitialized>true</uninitialized>
         <run_address>0x20000778</run_address>
         <size>0xa0</size>
      </object_component>
      <object_component id="oc-4be">
         <name>.common:parmbuf</name>
         <uninitialized>true</uninitialized>
         <run_address>0x2000082c</run_address>
         <size>0x8</size>
      </object_component>
      <object_component id="oc-29">
         <name>.sysmem</name>
         <uninitialized>true</uninitialized>
         <run_address>0x20000000</run_address>
         <size>0x10</size>
         <input_file_ref idref="fl-f1"/>
      </object_component>
      <object_component id="oc-57c">
         <name>.sysmem</name>
         <uninitialized>true</uninitialized>
         <run_address>0x20000000</run_address>
         <size>0x0</size>
      </object_component>
      <object_component id="oc-2c">
         <name>.stack</name>
         <uninitialized>true</uninitialized>
         <run_address>0x2000fe00</run_address>
         <size>0x4</size>
         <input_file_ref idref="fl-f4"/>
      </object_component>
      <object_component id="oc-57b">
         <name>.stack</name>
         <uninitialized>true</uninitialized>
         <run_address>0x2000fe00</run_address>
         <size>0x0</size>
      </object_component>
      <object_component id="oc-240">
         <name>.debug_info</name>
         <load_address>0x0</load_address>
         <run_address>0x0</run_address>
         <size>0x53b</size>
         <input_file_ref idref="fl-2"/>
      </object_component>
      <object_component id="oc-1d0">
         <name>.debug_info</name>
         <load_address>0x53b</load_address>
         <run_address>0x53b</run_address>
         <size>0x37e2</size>
         <input_file_ref idref="fl-2"/>
      </object_component>
      <object_component id="oc-14d">
         <name>.debug_info</name>
         <load_address>0x3d1d</load_address>
         <run_address>0x3d1d</run_address>
         <size>0x26b</size>
         <input_file_ref idref="fl-2"/>
      </object_component>
      <object_component id="oc-1d5">
         <name>.debug_info</name>
         <load_address>0x3f88</load_address>
         <run_address>0x3f88</run_address>
         <size>0x1055</size>
         <input_file_ref idref="fl-2"/>
      </object_component>
      <object_component id="oc-35">
         <name>.debug_info</name>
         <load_address>0x4fdd</load_address>
         <run_address>0x4fdd</run_address>
         <size>0x84</size>
         <input_file_ref idref="fl-2"/>
      </object_component>
      <object_component id="oc-22b">
         <name>.debug_info</name>
         <load_address>0x5061</load_address>
         <run_address>0x5061</run_address>
         <size>0x2a4</size>
         <input_file_ref idref="fl-2"/>
      </object_component>
      <object_component id="oc-120">
         <name>.debug_info</name>
         <load_address>0x5305</load_address>
         <run_address>0x5305</run_address>
         <size>0xbb</size>
         <input_file_ref idref="fl-2"/>
      </object_component>
      <object_component id="oc-133">
         <name>.debug_info</name>
         <load_address>0x53c0</load_address>
         <run_address>0x53c0</run_address>
         <size>0x566</size>
         <input_file_ref idref="fl-3"/>
      </object_component>
      <object_component id="oc-89">
         <name>.debug_info</name>
         <load_address>0x5926</load_address>
         <run_address>0x5926</run_address>
         <size>0x250</size>
         <input_file_ref idref="fl-3"/>
      </object_component>
      <object_component id="oc-206">
         <name>.debug_info</name>
         <load_address>0x5b76</load_address>
         <run_address>0x5b76</run_address>
         <size>0x180</size>
         <input_file_ref idref="fl-4"/>
      </object_component>
      <object_component id="oc-105">
         <name>.debug_info</name>
         <load_address>0x5cf6</load_address>
         <run_address>0x5cf6</run_address>
         <size>0x2a4</size>
         <input_file_ref idref="fl-4"/>
      </object_component>
      <object_component id="oc-100">
         <name>.debug_info</name>
         <load_address>0x5f9a</load_address>
         <run_address>0x5f9a</run_address>
         <size>0x265</size>
         <input_file_ref idref="fl-5"/>
      </object_component>
      <object_component id="oc-222">
         <name>.debug_info</name>
         <load_address>0x61ff</load_address>
         <run_address>0x61ff</run_address>
         <size>0x71f</size>
         <input_file_ref idref="fl-6"/>
      </object_component>
      <object_component id="oc-10b">
         <name>.debug_info</name>
         <load_address>0x691e</load_address>
         <run_address>0x691e</run_address>
         <size>0x113e</size>
         <input_file_ref idref="fl-6"/>
      </object_component>
      <object_component id="oc-31e">
         <name>.debug_info</name>
         <load_address>0x7a5c</load_address>
         <run_address>0x7a5c</run_address>
         <size>0xcc</size>
         <input_file_ref idref="fl-6"/>
      </object_component>
      <object_component id="oc-223">
         <name>.debug_info</name>
         <load_address>0x7b28</load_address>
         <run_address>0x7b28</run_address>
         <size>0x2c</size>
         <input_file_ref idref="fl-6"/>
      </object_component>
      <object_component id="oc-1ff">
         <name>.debug_info</name>
         <load_address>0x7b54</load_address>
         <run_address>0x7b54</run_address>
         <size>0x2c</size>
         <input_file_ref idref="fl-6"/>
      </object_component>
      <object_component id="oc-23b">
         <name>.debug_info</name>
         <load_address>0x7b80</load_address>
         <run_address>0x7b80</run_address>
         <size>0x531</size>
         <input_file_ref idref="fl-9"/>
      </object_component>
      <object_component id="oc-138">
         <name>.debug_info</name>
         <load_address>0x80b1</load_address>
         <run_address>0x80b1</run_address>
         <size>0x5ad</size>
         <input_file_ref idref="fl-9"/>
      </object_component>
      <object_component id="oc-1c1">
         <name>.debug_info</name>
         <load_address>0x865e</load_address>
         <run_address>0x865e</run_address>
         <size>0x556</size>
         <input_file_ref idref="fl-a"/>
      </object_component>
      <object_component id="oc-e4">
         <name>.debug_info</name>
         <load_address>0x8bb4</load_address>
         <run_address>0x8bb4</run_address>
         <size>0x309</size>
         <input_file_ref idref="fl-a"/>
      </object_component>
      <object_component id="oc-d2">
         <name>.debug_info</name>
         <load_address>0x8ebd</load_address>
         <run_address>0x8ebd</run_address>
         <size>0x938</size>
         <input_file_ref idref="fl-a"/>
      </object_component>
      <object_component id="oc-ea">
         <name>.debug_info</name>
         <load_address>0x97f5</load_address>
         <run_address>0x97f5</run_address>
         <size>0xb80</size>
         <input_file_ref idref="fl-c"/>
      </object_component>
      <object_component id="oc-e7">
         <name>.debug_info</name>
         <load_address>0xa375</load_address>
         <run_address>0xa375</run_address>
         <size>0x249</size>
         <input_file_ref idref="fl-c"/>
      </object_component>
      <object_component id="oc-73">
         <name>.debug_info</name>
         <load_address>0xa5be</load_address>
         <run_address>0xa5be</run_address>
         <size>0xb78</size>
         <input_file_ref idref="fl-c"/>
      </object_component>
      <object_component id="oc-1c4">
         <name>.debug_info</name>
         <load_address>0xb136</load_address>
         <run_address>0xb136</run_address>
         <size>0x51</size>
         <input_file_ref idref="fl-c"/>
      </object_component>
      <object_component id="oc-1c9">
         <name>.debug_info</name>
         <load_address>0xb187</load_address>
         <run_address>0xb187</run_address>
         <size>0x48</size>
         <input_file_ref idref="fl-c"/>
      </object_component>
      <object_component id="oc-117">
         <name>.debug_info</name>
         <load_address>0xb1cf</load_address>
         <run_address>0xb1cf</run_address>
         <size>0x62f</size>
         <input_file_ref idref="fl-d"/>
      </object_component>
      <object_component id="oc-d8">
         <name>.debug_info</name>
         <load_address>0xb7fe</load_address>
         <run_address>0xb7fe</run_address>
         <size>0x678</size>
         <input_file_ref idref="fl-d"/>
      </object_component>
      <object_component id="oc-140">
         <name>.debug_info</name>
         <load_address>0xbe76</load_address>
         <run_address>0xbe76</run_address>
         <size>0x736</size>
         <input_file_ref idref="fl-10"/>
      </object_component>
      <object_component id="oc-13d">
         <name>.debug_info</name>
         <load_address>0xc5ac</load_address>
         <run_address>0xc5ac</run_address>
         <size>0xe2</size>
         <input_file_ref idref="fl-10"/>
      </object_component>
      <object_component id="oc-8f">
         <name>.debug_info</name>
         <load_address>0xc68e</load_address>
         <run_address>0xc68e</run_address>
         <size>0x113a</size>
         <input_file_ref idref="fl-10"/>
      </object_component>
      <object_component id="oc-146">
         <name>.debug_info</name>
         <load_address>0xd7c8</load_address>
         <run_address>0xd7c8</run_address>
         <size>0x8b</size>
         <input_file_ref idref="fl-10"/>
      </object_component>
      <object_component id="oc-263">
         <name>.debug_info</name>
         <load_address>0xd853</load_address>
         <run_address>0xd853</run_address>
         <size>0x572</size>
         <input_file_ref idref="fl-12"/>
      </object_component>
      <object_component id="oc-1bc">
         <name>.debug_info</name>
         <load_address>0xddc5</load_address>
         <run_address>0xddc5</run_address>
         <size>0xd6</size>
         <input_file_ref idref="fl-12"/>
      </object_component>
      <object_component id="oc-1b9">
         <name>.debug_info</name>
         <load_address>0xde9b</load_address>
         <run_address>0xde9b</run_address>
         <size>0xd2</size>
         <input_file_ref idref="fl-12"/>
      </object_component>
      <object_component id="oc-e0">
         <name>.debug_info</name>
         <load_address>0xdf6d</load_address>
         <run_address>0xdf6d</run_address>
         <size>0x543</size>
         <input_file_ref idref="fl-12"/>
      </object_component>
      <object_component id="oc-112">
         <name>.debug_info</name>
         <load_address>0xe4b0</load_address>
         <run_address>0xe4b0</run_address>
         <size>0x1af</size>
         <input_file_ref idref="fl-13"/>
      </object_component>
      <object_component id="oc-1db">
         <name>.debug_info</name>
         <load_address>0xe65f</load_address>
         <run_address>0xe65f</run_address>
         <size>0x69a</size>
         <input_file_ref idref="fl-14"/>
      </object_component>
      <object_component id="oc-1df">
         <name>.debug_info</name>
         <load_address>0xecf9</load_address>
         <run_address>0xecf9</run_address>
         <size>0x191</size>
         <input_file_ref idref="fl-14"/>
      </object_component>
      <object_component id="oc-ef">
         <name>.debug_info</name>
         <load_address>0xee8a</load_address>
         <run_address>0xee8a</run_address>
         <size>0x3fb</size>
         <input_file_ref idref="fl-14"/>
      </object_component>
      <object_component id="oc-1b4">
         <name>.debug_info</name>
         <load_address>0xf285</load_address>
         <run_address>0xf285</run_address>
         <size>0x34d</size>
         <input_file_ref idref="fl-15"/>
      </object_component>
      <object_component id="oc-126">
         <name>.debug_info</name>
         <load_address>0xf5d2</load_address>
         <run_address>0xf5d2</run_address>
         <size>0x564</size>
         <input_file_ref idref="fl-16"/>
      </object_component>
      <object_component id="oc-78">
         <name>.debug_info</name>
         <load_address>0xfb36</load_address>
         <run_address>0xfb36</run_address>
         <size>0x269</size>
         <input_file_ref idref="fl-16"/>
      </object_component>
      <object_component id="oc-12a">
         <name>.debug_info</name>
         <load_address>0xfd9f</load_address>
         <run_address>0xfd9f</run_address>
         <size>0x580</size>
         <input_file_ref idref="fl-17"/>
      </object_component>
      <object_component id="oc-7d">
         <name>.debug_info</name>
         <load_address>0x1031f</load_address>
         <run_address>0x1031f</run_address>
         <size>0x1c9</size>
         <input_file_ref idref="fl-17"/>
      </object_component>
      <object_component id="oc-131">
         <name>.debug_info</name>
         <load_address>0x104e8</load_address>
         <run_address>0x104e8</run_address>
         <size>0x541</size>
         <input_file_ref idref="fl-19"/>
      </object_component>
      <object_component id="oc-12e">
         <name>.debug_info</name>
         <load_address>0x10a29</load_address>
         <run_address>0x10a29</run_address>
         <size>0x111</size>
         <input_file_ref idref="fl-19"/>
      </object_component>
      <object_component id="oc-85">
         <name>.debug_info</name>
         <load_address>0x10b3a</load_address>
         <run_address>0x10b3a</run_address>
         <size>0x2e2</size>
         <input_file_ref idref="fl-19"/>
      </object_component>
      <object_component id="oc-96">
         <name>.debug_info</name>
         <load_address>0x10e1c</load_address>
         <run_address>0x10e1c</run_address>
         <size>0x2c3</size>
         <input_file_ref idref="fl-1a"/>
      </object_component>
      <object_component id="oc-27">
         <name>.debug_info</name>
         <load_address>0x110df</load_address>
         <run_address>0x110df</run_address>
         <size>0xef</size>
         <input_file_ref idref="fl-1a"/>
      </object_component>
      <object_component id="oc-6e">
         <name>.debug_info</name>
         <load_address>0x111ce</load_address>
         <run_address>0x111ce</run_address>
         <size>0x1b6</size>
         <input_file_ref idref="fl-1a"/>
      </object_component>
      <object_component id="oc-1ad">
         <name>.debug_info</name>
         <load_address>0x11384</load_address>
         <run_address>0x11384</run_address>
         <size>0xe8</size>
         <input_file_ref idref="fl-1b"/>
      </object_component>
      <object_component id="oc-ce">
         <name>.debug_info</name>
         <load_address>0x1146c</load_address>
         <run_address>0x1146c</run_address>
         <size>0x25a</size>
         <input_file_ref idref="fl-1b"/>
      </object_component>
      <object_component id="oc-1fe">
         <name>.debug_info</name>
         <load_address>0x116c6</load_address>
         <run_address>0x116c6</run_address>
         <size>0x3e5</size>
         <input_file_ref idref="fl-d5"/>
      </object_component>
      <object_component id="oc-1f8">
         <name>.debug_info</name>
         <load_address>0x11aab</load_address>
         <run_address>0x11aab</run_address>
         <size>0x157</size>
         <input_file_ref idref="fl-d5"/>
      </object_component>
      <object_component id="oc-1f2">
         <name>.debug_info</name>
         <load_address>0x11c02</load_address>
         <run_address>0x11c02</run_address>
         <size>0x166</size>
         <input_file_ref idref="fl-d5"/>
      </object_component>
      <object_component id="oc-f9">
         <name>.debug_info</name>
         <load_address>0x11d68</load_address>
         <run_address>0x11d68</run_address>
         <size>0x1ac</size>
         <input_file_ref idref="fl-d5"/>
      </object_component>
      <object_component id="oc-2d7">
         <name>.debug_info</name>
         <load_address>0x11f14</load_address>
         <run_address>0x11f14</run_address>
         <size>0xb2</size>
         <input_file_ref idref="fl-d5"/>
      </object_component>
      <object_component id="oc-2ae">
         <name>.debug_info</name>
         <load_address>0x11fc6</load_address>
         <run_address>0x11fc6</run_address>
         <size>0x590</size>
         <input_file_ref idref="fl-d6"/>
      </object_component>
      <object_component id="oc-279">
         <name>.debug_info</name>
         <load_address>0x12556</load_address>
         <run_address>0x12556</run_address>
         <size>0x21e</size>
         <input_file_ref idref="fl-d6"/>
      </object_component>
      <object_component id="oc-374">
         <name>.debug_info</name>
         <load_address>0x12774</load_address>
         <run_address>0x12774</run_address>
         <size>0x1b3</size>
         <input_file_ref idref="fl-d6"/>
      </object_component>
      <object_component id="oc-379">
         <name>.debug_info</name>
         <load_address>0x12927</load_address>
         <run_address>0x12927</run_address>
         <size>0x21b</size>
         <input_file_ref idref="fl-d6"/>
      </object_component>
      <object_component id="oc-285">
         <name>.debug_info</name>
         <load_address>0x12b42</load_address>
         <run_address>0x12b42</run_address>
         <size>0x3c0</size>
         <input_file_ref idref="fl-d6"/>
      </object_component>
      <object_component id="oc-381">
         <name>.debug_info</name>
         <load_address>0x12f02</load_address>
         <run_address>0x12f02</run_address>
         <size>0x30a</size>
         <input_file_ref idref="fl-d6"/>
      </object_component>
      <object_component id="oc-386">
         <name>.debug_info</name>
         <load_address>0x1320c</load_address>
         <run_address>0x1320c</run_address>
         <size>0x215</size>
         <input_file_ref idref="fl-d6"/>
      </object_component>
      <object_component id="oc-28b">
         <name>.debug_info</name>
         <load_address>0x13421</load_address>
         <run_address>0x13421</run_address>
         <size>0x215</size>
         <input_file_ref idref="fl-d6"/>
      </object_component>
      <object_component id="oc-291">
         <name>.debug_info</name>
         <load_address>0x13636</load_address>
         <run_address>0x13636</run_address>
         <size>0x304</size>
         <input_file_ref idref="fl-d6"/>
      </object_component>
      <object_component id="oc-297">
         <name>.debug_info</name>
         <load_address>0x1393a</load_address>
         <run_address>0x1393a</run_address>
         <size>0x4b5</size>
         <input_file_ref idref="fl-d6"/>
      </object_component>
      <object_component id="oc-1e7">
         <name>.debug_info</name>
         <load_address>0x13def</load_address>
         <run_address>0x13def</run_address>
         <size>0x5f4</size>
         <input_file_ref idref="fl-d6"/>
[...]
      </symbol>
      <symbol id="sm-767">
         <name>__aeabi_memcpy8</name>
         <value>0x40e5</value>
         <object_component_ref idref="oc-3a"/>
      </symbol>
      <symbol id="sm-768">
         <name>__aeabi_memcpy4</name>
         <value>0x40e5</value>
         <object_component_ref idref="oc-3a"/>
      </symbol>
      <symbol id="sm-777">
         <name>__aeabi_memset</name>
         <value>0x43b3</value>
         <object_component_ref idref="oc-b2"/>
      </symbol>
      <symbol id="sm-778">
         <name>memset</name>
         <value>0x43b9</value>
         <object_component_ref idref="oc-b2"/>
      </symbol>
      <symbol id="sm-779">
         <name>__aeabi_memset8</name>
         <value>0x43b3</value>
         <object_component_ref idref="oc-b2"/>
      </symbol>
      <symbol id="sm-77a">
         <name>__aeabi_memset4</name>
         <value>0x43b3</value>
         <object_component_ref idref="oc-b2"/>
      </symbol>
      <symbol id="sm-77b">
         <name>__aeabi_memclr8</name>
         <value>0x43b1</value>
         <object_component_ref idref="oc-b2"/>
      </symbol>
      <symbol id="sm-77c">
         <name>__aeabi_memclr4</name>
         <value>0x43b1</value>
         <object_component_ref idref="oc-b2"/>
      </symbol>
      <symbol id="sm-77d">
         <name>__aeabi_memclr</name>
         <value>0x43b1</value>
         <object_component_ref idref="oc-b2"/>
      </symbol>
      <symbol id="sm-78a">
         <name>__aeabi_uldivmod</name>
         <value>0x4181</value>
         <object_component_ref idref="oc-347"/>
      </symbol>
      <symbol id="sm-79e">
         <name>__TI_zero_init_nomemset</name>
         <value>0x5031</value>
         <object_component_ref idref="oc-46"/>
      </symbol>
      <symbol id="sm-7b5">
         <name>__TI_decompress_none</name>
         <value>0x5107</value>
         <object_component_ref idref="oc-1d"/>
      </symbol>
      <symbol id="sm-7d8">
         <name>__TI_decompress_lzss</name>
         <value>0x4655</value>
         <object_component_ref idref="oc-17"/>
      </symbol>
      <symbol id="sm-7fe">
         <name>C$$EXIT</name>
         <value>0x5141</value>
         <object_component_ref idref="oc-16e"/>
      </symbol>
      <symbol id="sm-7ff">
         <name>abort</name>
         <value>0x5141</value>
         <object_component_ref idref="oc-16e"/>
      </symbol>
      <symbol id="sm-800">
         <name>__TI_dtors_ptr</name>
         <value>0x20000618</value>
         <object_component_ref idref="oc-242"/>
      </symbol>
      <symbol id="sm-801">
         <name>__TI_cleanup_ptr</name>
         <value>0x20000614</value>
         <object_component_ref idref="oc-242"/>
      </symbol>
      <symbol id="sm-802">
         <name>__TI_enable_exit_profile_output</name>
         <value>0x2000061c</value>
         <object_component_ref idref="oc-242"/>
      </symbol>
      <symbol id="sm-803">
         <name>exit</name>
         <value>0x4b51</value>
         <object_component_ref idref="oc-174"/>
      </symbol>
      <symbol id="sm-818">
         <name>_nop</name>
         <value>0xb33</value>
         <object_component_ref idref="oc-2b9"/>
      </symbol>
      <symbol id="sm-819">
         <name>_lock</name>
         <value>0x2000062c</value>
         <object_component_ref idref="oc-1eb"/>
      </symbol>
      <symbol id="sm-81a">
         <name>_unlock</name>
         <value>0x20000630</value>
         <object_component_ref idref="oc-1eb"/>
      </symbol>
      <symbol id="sm-829">
         <name>__TI_ltoa</name>
         <value>0x4a13</value>
         <object_component_ref idref="oc-362"/>
      </symbol>
      <symbol id="sm-83f">
         <name>atoi</name>
         <value>0x4b05</value>
         <object_component_ref idref="oc-272"/>
      </symbol>
      <symbol id="sm-84a">
         <name>_ctypes_</name>
         <value>0x5144</value>
         <object_component_ref idref="oc-342"/>
      </symbol>
      <symbol id="sm-85f">
         <name>__TI_tmpnams</name>
         <value>0x20000778</value>
      </symbol>
      <symbol id="sm-860">
         <name>__aeabi_stdout</name>
         <value>0x2000060c</value>
         <object_component_ref idref="oc-2f7"/>
      </symbol>
      <symbol id="sm-861">
         <name>__aeabi_stderr</name>
         <value>0x20000610</value>
         <object_component_ref idref="oc-2f7"/>
      </symbol>
      <symbol id="sm-862">
         <name>__aeabi_stdin</name>
         <value>0x20000608</value>
         <object_component_ref idref="oc-2f7"/>
      </symbol>
      <symbol id="sm-863">
         <name>_ftable</name>
         <value>0x20000400</value>
         <object_component_ref idref="oc-1ee"/>
      </symbol>
      <symbol id="sm-864">
         <name>__TI_ft_end</name>
         <value>0x20000604</value>
         <object_component_ref idref="oc-2f7"/>
      </symbol>
      <symbol id="sm-874">
         <name>memccpy</name>
         <value>0x5069</value>
         <object_component_ref idref="oc-29b"/>
      </symbol>
      <symbol id="sm-884">
         <name>memchr</name>
         <value>0x5011</value>
         <object_component_ref idref="oc-3ca"/>
      </symbol>
      <symbol id="sm-908">
         <name>_sys_memory</name>
         <value>0x20000000</value>
         <object_component_ref idref="oc-29"/>
      </symbol>
      <symbol id="sm-909">
         <name>free</name>
         <value>0x3af9</value>
         <object_component_ref idref="oc-303"/>
      </symbol>
      <symbol id="sm-90a">
         <name>memalign</name>
         <value>0x3635</value>
         <object_component_ref idref="oc-445"/>
      </symbol>
      <symbol id="sm-90b">
         <name>malloc</name>
         <value>0x512d</value>
         <object_component_ref idref="oc-309"/>
      </symbol>
      <symbol id="sm-90c">
         <name>aligned_alloc</name>
         <value>0x3635</value>
         <object_component_ref idref="oc-445"/>
      </symbol>
      <symbol id="sm-91c">
         <name>strchr</name>
         <value>0x50b7</value>
         <object_component_ref idref="oc-399"/>
      </symbol>
      <symbol id="sm-92a">
         <name>strlen</name>
         <value>0x50e1</value>
         <object_component_ref idref="oc-26c"/>
      </symbol>
      <symbol id="sm-93d">
         <name>__stack</name>
         <value>0x2000fe00</value>
         <object_component_ref idref="oc-2c"/>
      </symbol>
      <symbol id="sm-93e">
         <name>_c_int00_noargs</name>
         <value>0x4e81</value>
         <object_component_ref idref="oc-58"/>
      </symbol>
      <symbol id="sm-953">
         <name>write</name>
         <value>0x4fc5</value>
         <object_component_ref idref="oc-3d6"/>
      </symbol>
      <symbol id="sm-964">
         <name>_stream</name>
         <value>0x20000568</value>
         <object_component_ref idref="oc-4a3"/>
      </symbol>
      <symbol id="sm-965">
         <name>_device</name>
         <value>0x200004f0</value>
         <object_component_ref idref="oc-2eb"/>
      </symbol>
      <symbol id="sm-982">
         <name>open</name>
         <value>0x3cb9</value>
         <object_component_ref idref="oc-41e"/>
      </symbol>
      <symbol id="sm-9a2">
         <name>add_device</name>
         <value>0x3e2d</value>
         <object_component_ref idref="oc-209"/>
      </symbol>
      <symbol id="sm-9b8">
         <name>__aeabi_errno_addr</name>
         <value>0x5125</value>
         <object_component_ref idref="oc-2a7"/>
      </symbol>
      <symbol id="sm-9b9">
         <name>errno</name>
         <value>0x20000648</value>
         <object_component_ref idref="oc-3a9"/>
      </symbol>
      <symbol id="sm-9d2">
         <name>wcslen</name>
         <value>0x50f5</value>
         <object_component_ref idref="oc-2a1"/>
      </symbol>
      <symbol id="sm-9f2">
         <name>frexpl</name>
         <value>0x4725</value>
         <object_component_ref idref="oc-38d"/>
      </symbol>
      <symbol id="sm-9f3">
         <name>frexp</name>
         <value>0x4725</value>
         <object_component_ref idref="oc-38d"/>
      </symbol>
      <symbol id="sm-a10">
         <name>scalbn</name>
         <value>0x3525</value>
         <object_component_ref idref="oc-393"/>
      </symbol>
      <symbol id="sm-a11">
         <name>scalbnl</name>
         <value>0x3525</value>
         <object_component_ref idref="oc-393"/>
      </symbol>
      <symbol id="sm-a12">
         <name>ldexpl</name>
         <value>0x3525</value>
         <object_component_ref idref="oc-393"/>
      </symbol>
      <symbol id="sm-a13">
         <name>ldexp</name>
         <value>0x3525</value>
         <object_component_ref idref="oc-393"/>
      </symbol>
      <symbol id="sm-a28">
         <name>__TI_closefile</name>
         <value>0x442d</value>
         <object_component_ref idref="oc-2fc"/>
      </symbol>
      <symbol id="sm-a38">
         <name>__TI_doflush</name>
         <value>0x4ab9</value>
         <object_component_ref idref="oc-3d0"/>
      </symbol>
      <symbol id="sm-a4a">
         <name>fseek</name>
         <value>0x4789</value>
         <object_component_ref idref="oc-498"/>
      </symbol>
      <symbol id="sm-a68">
         <name>finddevice</name>
         <value>0x4ee9</value>
         <object_component_ref idref="oc-2de"/>
      </symbol>
      <symbol id="sm-a69">
         <name>getdevice</name>
         <value>0x4cad</value>
         <object_component_ref idref="oc-4db"/>
      </symbol>
      <symbol id="sm-a73">
         <name>__aeabi_idiv0</name>
         <value>0x2c9b</value>
         <object_component_ref idref="oc-463"/>
      </symbol>
      <symbol id="sm-a74">
         <name>__aeabi_ldiv0</name>
         <value>0x2c9b</value>
         <object_component_ref idref="oc-463"/>
      </symbol>
      <symbol id="sm-a9c">
         <name>__TI_auto_init_nobinit_nopinit</name>
         <value>0x4c69</value>
         <object_component_ref idref="oc-17a"/>
      </symbol>
      <symbol id="sm-aa6">
         <name>_system_pre_init</name>
         <value>0x513d</value>
         <object_component_ref idref="oc-b8"/>
      </symbol>
      <symbol id="sm-ab7">
         <name>strcmp</name>
         <value>0x509f</value>
         <object_component_ref idref="oc-3e0"/>
      </symbol>
      <symbol id="sm-ac7">
         <name>strncpy</name>
         <value>0x4de1</value>
         <object_component_ref idref="oc-2e4"/>
      </symbol>
      <symbol id="sm-ad8">
         <name>HOSTclose</name>
         <value>0x4be1</value>
         <object_component_ref idref="oc-3f0"/>
      </symbol>
      <symbol id="sm-ae9">
         <name>HOSTlseek</name>
         <value>0x45ed</value>
         <object_component_ref idref="oc-402"/>
      </symbol>
      <symbol id="sm-afb">
         <name>parmbuf</name>
         <value>0x2000082c</value>
      </symbol>
      <symbol id="sm-afc">
         <name>HOSTopen</name>
         <value>0x4851</value>
         <object_component_ref idref="oc-3ea"/>
      </symbol>
      <symbol id="sm-b0d">
         <name>HOSTread</name>
         <value>0x490d</value>
         <object_component_ref idref="oc-3f6"/>
      </symbol>
      <symbol id="sm-b1e">
         <name>HOSTrename</name>
         <value>0x4581</value>
         <object_component_ref idref="oc-40e"/>
      </symbol>
      <symbol id="sm-b2f">
         <name>HOSTunlink</name>
         <value>0x4c25</value>
         <object_component_ref idref="oc-408"/>
      </symbol>
      <symbol id="sm-b40">
         <name>HOSTwrite</name>
         <value>0x4965</value>
         <object_component_ref idref="oc-3fc"/>
      </symbol>
      <symbol id="sm-b64">
         <name>__TI_readmsg</name>
         <value>0x4e4d</value>
         <object_component_ref idref="oc-4b8"/>
      </symbol>
      <symbol id="sm-b65">
         <name>C$$IO$$</name>
         <value>0x4d9f</value>
         <object_component_ref idref="oc-4b2"/>
      </symbol>
      <symbol id="sm-b66">
         <name>__CIOBUF_</name>
         <value>0x20000658</value>
         <object_component_ref idref="oc-51b"/>
      </symbol>
      <symbol id="sm-b67">
         <name>__TI_writemsg</name>
         <value>0x4d71</value>
         <object_component_ref idref="oc-4b2"/>
      </symbol>
      <symbol id="sm-b78">
         <name>lseek</name>
         <value>0x4f9d</value>
         <object_component_ref idref="oc-509"/>
      </symbol>
      <symbol id="sm-b8c">
         <name>close</name>
         <value>0x48b1</value>
         <object_component_ref idref="oc-429"/>
      </symbol>
      <symbol id="sm-b96">
         <name>copysign</name>
         <value>0x5085</value>
         <object_component_ref idref="oc-47c"/>
      </symbol>
      <symbol id="sm-b97">
         <name>copysignl</name>
         <value>0x5085</value>
         <object_component_ref idref="oc-47c"/>
      </symbol>
      <symbol id="sm-ba5">
         <name>strcpy</name>
         <value>0x50cd</value>
         <object_component_ref idref="oc-4cc"/>
      </symbol>
      <symbol id="sm-bb5">
         <name>unlink</name>
         <value>0x4f49</value>
         <object_component_ref idref="oc-42f"/>
      </symbol>
      <symbol id="sm-bb6">
         <name>__TI_static_base__</name>
         <value>0x0</value>
      </symbol>
      <symbol id="sm-bb9">
         <name>__mpu_init</name>
         <value>0x0</value>
      </symbol>
      <symbol id="sm-bba">
         <name>_system_post_cinit</name>
         <value>0x0</value>
      </symbol>
      <symbol id="sm-bbb">
         <name>NMI_Handler</name>
         <value>0x5121</value>
      </symbol>
      <symbol id="sm-bbc">
         <name>HardFault_Handler</name>
         <value>0x5121</value>
      </symbol>
      <symbol id="sm-bbd">
         <name>MemManage_Handler</name>
         <value>0x5121</value>
      </symbol>
      <symbol id="sm-bbe">
         <name>BusFault_Handler</name>
         <value>0x5121</value>
      </symbol>
      <symbol id="sm-bbf">
         <name>UsageFault_Handler</name>
         <value>0x5121</value>
      </symbol>
      <symbol id="sm-bc0">
         <name>SVC_Handler</name>
         <value>0x5121</value>
      </symbol>
      <symbol id="sm-bc1">
         <name>DebugMon_Handler</name>
         <value>0x5121</value>
      </symbol>
      <symbol id="sm-bc2">
         <name>PendSV_Handler</name>
         <value>0x5121</value>
      </symbol>
      <symbol id="sm-bc3">
         <name>SysTick_Handler</name>
         <value>0xfc1</value>
      </symbol>
      <symbol id="sm-bc4">
         <name>PSS_IRQHandler</name>
         <value>0x5121</value>
      </symbol>
      <symbol id="sm-bc5">
         <name>CS_IRQHandler</name>
         <value>0x5121</value>
      </symbol>
      <symbol id="sm-bc6">
         <name>PCM_IRQHandler</name>
         <value>0x5121</value>
      </symbol>
      <symbol id="sm-bc7">
         <name>WDT_A_IRQHandler</name>
         <value>0x5121</value>
      </symbol>
      <symbol id="sm-bc8">
         <name>FPU_IRQHandler</name>
         <value>0x5121</value>
      </symbol>
      <symbol id="sm-bc9">
         <name>FLCTL_IRQHandler</name>
         <value>0x5121</value>
      </symbol>
      <symbol id="sm-bca">
         <name>COMP_E0_IRQHandler</name>
         <value>0x5121</value>
      </symbol>
      <symbol id="sm-bcb">
         <name>COMP_E1_IRQHandler</name>
         <value>0x5121</value>
      </symbol>
      <symbol id="sm-bcc">
         <name>TA0_0_IRQHandler</name>
         <value>0x5121</value>
      </symbol>
      <symbol id="sm-bcd">
         <name>TA0_N_IRQHandler</name>
         <value>0x5121</value>
      </symbol>
      <symbol id="sm-bce">
         <name>TA1_0_IRQHandler</name>
         <value>0x4013</value>
      </symbol>
      <symbol id="sm-bcf">
         <name>TA1_N_IRQHandler</name>
         <value>0x5121</value>
      </symbol>
      <symbol id="sm-bd0">
         <name>TA2_0_IRQHandler</name>
         <value>0x5121</value>
      </symbol>
      <symbol id="sm-bd1">
         <name>TA2_N_IRQHandler</name>
         <value>0x3de5</value>
      </symbol>
      <symbol id="sm-bd2">
         <name>TA3_0_IRQHandler</name>
         <value>0x38bd</value>
      </symbol>
      <symbol id="sm-bd3">
         <name>TA3_N_IRQHandler</name>
         <value>0x38d7</value>
      </symbol>
      <symbol id="sm-bd4">
         <name>EUSCIA0_IRQHandler</name>
         <value>0x5121</value>
      </symbol>
      <symbol id="sm-bd5">
         <name>EUSCIA1_IRQHandler</name>
         <value>0x5121</value>
      </symbol>
      <symbol id="sm-bd6">
         <name>EUSCIA2_IRQHandler</name>
         <value>0x5121</value>
      </symbol>
      <symbol id="sm-bd7">
         <name>EUSCIA3_IRQHandler</name>
         <value>0x5121</value>
      </symbol>
      <symbol id="sm-bd8">
         <name>EUSCIB0_IRQHandler</name>
         <value>0x5121</value>
      </symbol>
      <symbol id="sm-bd9">
         <name>EUSCIB1_IRQHandler</name>
         <value>0x5121</value>
      </symbol>
      <symbol id="sm-bda">
         <name>EUSCIB2_IRQHandler</name>
         <value>0x5121</value>
      </symbol>
      <symbol id="sm-bdb">
         <name>EUSCIB3_IRQHandler</name>
         <value>0x5121</value>
      </symbol>
      <symbol id="sm-bdc">
         <name>ADC14_IRQHandler</name>
         <value>0x5121</value>
      </symbol>
      <symbol id="sm-bdd">
         <name>T32_INT1_IRQHandler</name>
         <value>0x5121</value>
      </symbol>
      <symbol id="sm-bde">
         <name>T32_INT2_IRQHandler</name>
         <value>0x5121</value>
      </symbol>
      <symbol id="sm-bdf">
         <name>T32_INTC_IRQHandler</name>
         <value>0x5121</value>
      </symbol>
      <symbol id="sm-be0">
         <name>AES256_IRQHandler</name>
         <value>0x5121</value>
      </symbol>
      <symbol id="sm-be1">
         <name>RTC_C_IRQHandler</name>
         <value>0x5121</value>
      </symbol>
      <symbol id="sm-be2">
         <name>DMA_ERR_IRQHandler</name>
         <value>0x5121</value>
      </symbol>
      <symbol id="sm-be3">
         <name>DMA_INT3_IRQHandler</name>
         <value>0x5121</value>
      </symbol>
      <symbol id="sm-be4">
         <name>DMA_INT2_IRQHandler</name>
         <value>0x5121</value>
      </symbol>
      <symbol id="sm-be5">
         <name>DMA_INT1_IRQHandler</name>
         <value>0x5121</value>
      </symbol>
      <symbol id="sm-be6">
         <name>DMA_INT0_IRQHandler</name>
         <value>0x5121</value>
      </symbol>
      <symbol id="sm-be7">
         <name>PORT1_IRQHandler</name>
         <value>0x5121</value>
      </symbol>
      <symbol id="sm-be8">
         <name>PORT2_IRQHandler</name>
         <value>0x5121</value>
      </symbol>
      <symbol id="sm-be9">
         <name>PORT3_IRQHandler</name>
         <value>0x5121</value>
      </symbol>
      <symbol id="sm-bea">
         <name>PORT4_IRQHandler</name>
         <value>0x39c7</value>
      </symbol>
      <symbol id="sm-beb">
         <name>PORT5_IRQHandler</name>
         <value>0x5121</value>
      </symbol>
      <symbol id="sm-bec">
         <name>PORT6_IRQHandler</name>
         <value>0x15a5</value>
      </symbol>
      <symbol id="sm-bed">
         <name>remove</name>
         <value>0x4f49</value>
      </symbol>
   </symbol_table>
   <title>Link successful</title>
</link_info>
